WARNING: A terminally deprecated method in sun.misc.Unsafe has been called
WARNING: sun.misc.Unsafe::objectFieldOffset has been called by com.google.common.util.concurrent.AbstractFuture$UnsafeAtomicHelper (file:/usr/share/maven/lib/guava.jar)
WARNING: Please consider reporting this to the maintainers of class com.google.common.util.concurrent.AbstractFuture$UnsafeAtomicHelper
WARNING: sun.misc.Unsafe::objectFieldOffset will be removed in a future release
[INFO] Scanning for projects...
[INFO] 
[INFO] -------------------< com.lifemiles:passkey-service >--------------------
[INFO] Building passkey-service 0.1.0-SNAPSHOT
[INFO] --------------------------------[ jar ]---------------------------------
[INFO] 
[INFO] --- maven-clean-plugin:3.5.0:clean (default-clean) @ passkey-service ---
[INFO] 
[INFO] --- maven-resources-plugin:3.3.1:resources (default-resources) @ passkey-service ---
[INFO] Copying 1 resource from src/main/resources to target/classes
[INFO] Copying 1 resource from src/main/resources to target/classes
[INFO] 
[INFO] --- maven-compiler-plugin:3.14.1:compile (default-compile) @ passkey-service ---
[INFO] Recompiling the module because of changed source code.
[INFO] Compiling 10 source files with javac [debug parameters release 21] to target/classes
[INFO] 
[INFO] --- maven-resources-plugin:3.3.1:testResources (default-testResources) @ passkey-service ---
[INFO] Copying 2 resources from src/test/resources to target/test-classes
[INFO] 
[INFO] --- maven-compiler-plugin:3.14.1:testCompile (default-testCompile) @ passkey-service ---
[INFO] Recompiling the module because of changed dependency.
[INFO] Compiling 2 source files with javac [debug parameters release 21] to target/test-classes
[INFO] 
[INFO] --- maven-surefire-plugin:3.5.6:test (default-test) @ passkey-service ---
[INFO] Using auto detected provider org.apache.maven.surefire.junitplatform.JUnitPlatformProvider
[INFO] 
[INFO] -------------------------------------------------------
[INFO]  T E S T S
[INFO] -------------------------------------------------------
[INFO] Running com.lifemiles.passkey.PasskeyApplicationAotTests
09:48:30.018 [main] INFO org.springframework.test.context.support.AnnotationConfigContextLoaderUtils -- Could not detect default configuration classes for test class [com.lifemiles.passkey.PasskeyApplicationAotTests]: PasskeyApplicationAotTests does not declare any static, non-private, non-final, nested classes annotated with @Configuration.
09:48:30.251 [main] INFO org.springframework.boot.test.context.SpringBootTestContextBootstrapper -- Found @SpringBootConfiguration com.lifemiles.passkey.PasskeyApplication for test class com.lifemiles.passkey.PasskeyApplicationAotTests
09:48:30.414 [main] INFO org.springframework.test.context.support.AnnotationConfigContextLoaderUtils -- Could not detect default configuration classes for test class [com.lifemiles.passkey.PasskeyApplicationAotTests]: PasskeyApplicationAotTests does not declare any static, non-private, non-final, nested classes annotated with @Configuration.
09:48:30.419 [main] INFO org.springframework.boot.test.context.SpringBootTestContextBootstrapper -- Found @SpringBootConfiguration com.lifemiles.passkey.PasskeyApplication for test class com.lifemiles.passkey.PasskeyApplicationAotTests

  .   ____          _            __ _ _
 /\\ / ___'_ __ _ _(_)_ __  __ _ \ \ \ \
( ( )\___ | '_ | '_| | '_ \/ _` | \ \ \ \
 \\/  ___)| |_)| | | | | || (_| |  ) ) ) )
  '  |____| .__|_| |_|_| |_\__, | / / / /
 =========|_|==============|___/=/_/_/_/

 :: Spring Boot ::                (v4.0.8)

2026-08-26 09:48:31 [main] INFO  c.l.p.PasskeyApplicationAotTests - Starting PasskeyApplicationAotTests using Java 25.0.4 with PID 475674 (started by fjmolina in /home/fjmolina/passkey-build)
2026-08-26 09:48:31 [main] INFO  c.l.p.PasskeyApplicationAotTests - No active profile set, falling back to 1 default profile: "default"
2026-08-26 09:48:33 [main] INFO  c.l.p.PasskeyApplicationAotTests - Started PasskeyApplicationAotTests in 3.429 seconds (process running for 6.057)
Mockito is currently self-attaching to enable the inline-mock-maker. This will no longer work in future releases of the JDK. Please add Mockito as an agent to your build as described in Mockito's documentation: https://javadoc.io/doc/org.mockito/mockito-core/latest/org.mockito/org/mockito/Mockito.html#0.3
Java HotSpot(TM) 64-Bit Server VM warning: Sharing is only supported for boot loader classes because bootstrap classpath has been appended
WARNING: A Java agent has been loaded dynamically (/home/fjmolina/.m2/repository/net/bytebuddy/byte-buddy-agent/1.17.8/byte-buddy-agent-1.17.8.jar)
WARNING: If a serviceability tool is in use, please run with -XX:+EnableDynamicAgentLoading to hide this warning
WARNING: If a serviceability tool is not in use, please run with -Djdk.instrument.traceUsage for more information
WARNING: Dynamic loading of agents will be disallowed by default in a future release
[INFO] Tests run: 1, Failures: 0, Errors: 0, Skipped: 0, Time elapsed: 5.225 s -- in com.lifemiles.passkey.PasskeyApplicationAotTests
[INFO] 
[INFO] Results:
[INFO] 
[INFO] Tests run: 1, Failures: 0, Errors: 0, Skipped: 0
[INFO] 
[INFO] 
[INFO] --- maven-jar-plugin:3.4.2:jar (default-jar) @ passkey-service ---
[INFO] Building jar: /home/fjmolina/passkey-build/target/passkey-service-0.1.0-SNAPSHOT.jar
[INFO] 
[INFO] --- spring-boot-maven-plugin:4.0.8:repackage (repackage) @ passkey-service ---
[INFO] Replacing main artifact /home/fjmolina/passkey-build/target/passkey-service-0.1.0-SNAPSHOT.jar with repackaged archive, adding nested dependencies in BOOT-INF/.
[INFO] The original artifact has been renamed to /home/fjmolina/passkey-build/target/passkey-service-0.1.0-SNAPSHOT.jar.original
[INFO] 
[INFO] --- cyclonedx-maven-plugin:2.9.1:makeAggregateBom (default) @ passkey-service ---
[INFO] CycloneDX: Resolving Dependencies
[INFO] CycloneDX: Creating BOM version 1.6 with 108 component(s)
[INFO] CycloneDX: Writing and validating BOM (JSON): /home/fjmolina/passkey-build/target/classes/META-INF/sbom/application.cdx.json
[WARNING] Unknown keyword meta:enum - you should define your own Meta Schema. If the keyword is irrelevant for validation, just use a NonValidationKeyword or if it should generate annotations AnnotationKeyword
[WARNING] Unknown keyword deprecated - you should define your own Meta Schema. If the keyword is irrelevant for validation, just use a NonValidationKeyword or if it should generate annotations AnnotationKeyword
[INFO]            attaching as passkey-service-0.1.0-SNAPSHOT-cyclonedx.json
[INFO] 
[INFO] --- maven-failsafe-plugin:3.5.6:integration-test (default) @ passkey-service ---
[INFO] Using auto detected provider org.apache.maven.surefire.junitplatform.JUnitPlatformProvider
[INFO] 
[INFO] -------------------------------------------------------
[INFO]  T E S T S
[INFO] -------------------------------------------------------
[INFO] Running com.lifemiles.passkey.config.KeycloakFixtureRealmIT
09:48:54.182 [main] INFO org.testcontainers.images.PullPolicy -- Image pull policy will be performed by: DefaultPullPolicy()
09:48:54.187 [main] INFO org.testcontainers.utility.ImageNameSubstitutor -- Image name substitution will be performed by: DefaultImageNameSubstitutor (composite of 'ConfigurationFileImageNameSubstitutor' and 'PrefixingImageNameSubstitutor')
09:48:54.226 [main] INFO org.testcontainers.DockerClientFactory -- Testcontainers version: 2.0.5
09:48:54.454 [main] INFO org.testcontainers.dockerclient.DockerClientProviderStrategy -- Loaded org.testcontainers.dockerclient.UnixSocketClientProviderStrategy from ~/.testcontainers.properties, will try it first
09:48:55.227 [main] INFO org.testcontainers.dockerclient.DockerClientProviderStrategy -- Found Docker environment with local Unix socket (unix:///var/run/docker.sock)
09:48:55.230 [main] INFO org.testcontainers.DockerClientFactory -- Docker host IP address is localhost
09:48:55.262 [main] INFO org.testcontainers.DockerClientFactory -- Connected to docker: 
  Server Version: 29.4.3
  API Version: 1.54
  Operating System: Ubuntu 24.04.1 LTS
  Total Memory: 15706 MB
09:48:55.409 [main] INFO tc.testcontainers/ryuk:0.14.0 -- Creating container for image: testcontainers/ryuk:0.14.0
09:48:55.415 [main] INFO org.testcontainers.utility.RegistryAuthLocator -- Failure when attempting to lookup auth config. Please ignore if you don't have images in an authenticated registry. Details: (dockerImageName: testcontainers/ryuk:0.14.0, configFile: /home/fjmolina/.docker/config.json, configEnv: DOCKER_AUTH_CONFIG). Falling back to docker-java default behaviour. Exception message: Status 404: No config supplied. Checked in order: /home/fjmolina/.docker/config.json (file not found), DOCKER_AUTH_CONFIG (not set)
09:48:55.898 [main] INFO tc.testcontainers/ryuk:0.14.0 -- Container testcontainers/ryuk:0.14.0 is starting: 42dd168c9926f5d515aaf6f5f95b28dc86a33b64e51820d0eb5c8873af7a48e9
09:48:56.944 [main] INFO tc.testcontainers/ryuk:0.14.0 -- Container testcontainers/ryuk:0.14.0 started in PT1.534489993S
09:48:56.965 [main] INFO org.testcontainers.utility.RyukResourceReaper -- Ryuk started - will monitor and terminate Testcontainers containers on JVM exit
09:48:56.966 [main] INFO org.testcontainers.DockerClientFactory -- Checking the system...
09:48:56.967 [main] INFO org.testcontainers.DockerClientFactory -- ✔︎ Docker server version should be at least 1.6.0
09:48:56.987 [main] INFO tc.quay.io/keycloak/keycloak:26.1 -- Creating container for image: quay.io/keycloak/keycloak:26.1
09:48:56.989 [main] INFO org.testcontainers.utility.RegistryAuthLocator -- Failure when attempting to lookup auth config. Please ignore if you don't have images in an authenticated registry. Details: (dockerImageName: quay.io/keycloak/keycloak:26.1, configFile: /home/fjmolina/.docker/config.json, configEnv: DOCKER_AUTH_CONFIG). Falling back to docker-java default behaviour. Exception message: Status 404: No config supplied. Checked in order: /home/fjmolina/.docker/config.json (file not found), DOCKER_AUTH_CONFIG (not set)
Exception in thread "Thread-1" java.lang.NoClassDefFoundError: org/apache/commons/io/file/attribute/FileTimes
	at org.apache.commons.compress.archivers.tar.TarArchiveOutputStream.transferModTime(TarArchiveOutputStream.java:616)
	at org.apache.commons.compress.archivers.tar.TarArchiveOutputStream.writePaxHeaders(TarArchiveOutputStream.java:663)
	at org.apache.commons.compress.archivers.tar.TarArchiveOutputStream.putArchiveEntry(TarArchiveOutputStream.java:541)
	at org.testcontainers.utility.MountableFile.recursiveTar(MountableFile.java:359)
	at org.testcontainers.utility.MountableFile.transferTo(MountableFile.java:327)
	at org.testcontainers.containers.ContainerState.lambda$copyFileToContainer$2(ContainerState.java:358)
	at java.base/java.lang.Thread.run(Thread.java:1474)
Caused by: java.lang.ClassNotFoundException: org.apache.commons.io.file.attribute.FileTimes
	at java.base/jdk.internal.loader.BuiltinClassLoader.loadClass(BuiltinClassLoader.java:580)
	at java.base/java.lang.ClassLoader.loadClass(ClassLoader.java:490)
	... 7 more
09:48:57.295 [main] INFO tc.quay.io/keycloak/keycloak:26.1 -- Container quay.io/keycloak/keycloak:26.1 is starting: 6fb313436674085e07f3e096d9d3a700d988852dd2a751094812bf6d1343c297
09:48:57.985 [docker-java-stream-1735565671] INFO tc.quay.io/keycloak/keycloak:26.1 -- STDOUT: JAVA_OPTS_KC_HEAP already set in environment; overriding default settings
09:48:58.100 [main] INFO org.testcontainers.containers.wait.strategy.HttpWaitStrategy -- /intelligent_mcnulty: Waiting for 120 seconds for URL: http://localhost:32775/health/started (where port 32775 maps to container port 9000)
09:49:01.817 [docker-java-stream-1735565671] INFO tc.quay.io/keycloak/keycloak:26.1 -- STDOUT: Updating the configuration and installing your custom providers, if any. Please wait.
09:49:09.138 [docker-java-stream-1735565671] INFO tc.quay.io/keycloak/keycloak:26.1 -- STDOUT: 2026-08-26 15:49:06,243 WARN  [io.qua.config] (build-48) Unrecognized configuration key "quarkus.micrometer.enabled" was provided; it will be ignored; verify that the dependency extension for this configuration is set or that you did not make a typo
09:49:09.264 [docker-java-stream-1735565671] INFO tc.quay.io/keycloak/keycloak:26.1 -- STDOUT: 2026-08-26 15:49:09,261 INFO  [io.qua.hib.orm.dep.HibernateOrmProcessor] (build-42) Persistence unit 'keycloak-default': Enforcing Quarkus defaults for dialect 'org.hibernate.dialect.H2Dialect' by automatically setting 'jakarta.persistence.database-product-version=2.3.230'.
09:49:09.278 [docker-java-stream-1735565671] INFO tc.quay.io/keycloak/keycloak:26.1 -- STDOUT: 2026-08-26 15:49:09,276 INFO  [io.qua.hib.orm.dep.HibernateOrmProcessor] (build-42) A legacy persistence.xml file is present in the classpath. This file will be used to configure JPA/Hibernate ORM persistence units, and any configuration of the Hibernate ORM extension will be ignored. To ignore persistence.xml files instead, set the configuration property 'quarkus.hibernate-orm.persistence-xml.ignore' to 'true'.
09:49:20.490 [docker-java-stream-1735565671] INFO tc.quay.io/keycloak/keycloak:26.1 -- STDOUT: 2026-08-26 15:49:20,488 INFO  [io.qua.dep.QuarkusAugmentor] (main) Quarkus augmentation completed in 16876ms
09:49:21.561 [docker-java-stream-1735565671] INFO tc.quay.io/keycloak/keycloak:26.1 -- STDOUT: Running the server in development mode. DO NOT use this configuration in production.
09:49:25.901 [docker-java-stream-1735565671] INFO tc.quay.io/keycloak/keycloak:26.1 -- STDOUT: 2026-08-26 15:49:25,900 INFO  [org.keycloak.quarkus.runtime.storage.infinispan.CacheManagerFactory] (ForkJoinPool.commonPool-worker-1) Starting Infinispan embedded cache manager
09:49:26.171 [docker-java-stream-1735565671] INFO tc.quay.io/keycloak/keycloak:26.1 -- STDOUT: 2026-08-26 15:49:26,170 INFO  [org.infinispan.CONTAINER] (ForkJoinPool.commonPool-worker-1) Virtual threads support enabled
09:49:26.599 [docker-java-stream-1735565671] INFO tc.quay.io/keycloak/keycloak:26.1 -- STDOUT: 2026-08-26 15:49:26,598 INFO  [org.infinispan.CONTAINER] (ForkJoinPool.commonPool-worker-1) ISPN000556: Starting user marshaller 'org.infinispan.commons.marshall.ImmutableProtoStreamMarshaller'
09:49:29.335 [docker-java-stream-1735565671] INFO tc.quay.io/keycloak/keycloak:26.1 -- STDOUT: 2026-08-26 15:49:29,333 INFO  [org.keycloak.quarkus.runtime.storage.database.liquibase.QuarkusJpaUpdaterProvider] (main) Initializing database schema. Using changelog META-INF/jpa-changelog-master.xml
09:49:34.922 [docker-java-stream-1735565671] INFO tc.quay.io/keycloak/keycloak:26.1 -- STDOUT: 2026-08-26 15:49:34,920 INFO  [org.keycloak.connections.infinispan.DefaultInfinispanConnectionProviderFactory] (main) Node name: node_987992, Site name: null
09:49:35.224 [docker-java-stream-1735565671] INFO tc.quay.io/keycloak/keycloak:26.1 -- STDOUT: 2026-08-26 15:49:35,222 INFO  [org.keycloak.broker.provider.AbstractIdentityProviderMapper] (main) Registering class org.keycloak.broker.provider.mappersync.ConfigSyncEventListener
09:49:35.305 [docker-java-stream-1735565671] INFO tc.quay.io/keycloak/keycloak:26.1 -- STDOUT: 2026-08-26 15:49:35,303 INFO  [org.keycloak.services] (main) KC-SERVICES0050: Initializing master realm
09:49:37.564 [docker-java-stream-1735565671] INFO tc.quay.io/keycloak/keycloak:26.1 -- STDOUT: 2026-08-26 15:49:37,563 INFO  [org.keycloak.services] (main) KC-SERVICES0077: Created temporary admin user with username admin
09:49:37.862 [docker-java-stream-1735565671] INFO tc.quay.io/keycloak/keycloak:26.1 -- STDOUT: 2026-08-26 15:49:37,860 INFO  [io.quarkus] (main) Keycloak 26.1.5 on JVM (powered by Quarkus 3.15.4) started in 17.233s. Listening on: http://0.0.0.0:8080. Management interface listening on http://0.0.0.0:9000.
09:49:37.863 [docker-java-stream-1735565671] INFO tc.quay.io/keycloak/keycloak:26.1 -- STDOUT: 2026-08-26 15:49:37,861 INFO  [io.quarkus] (main) Profile dev activated. 
09:49:37.864 [docker-java-stream-1735565671] INFO tc.quay.io/keycloak/keycloak:26.1 -- STDOUT: 2026-08-26 15:49:37,861 INFO  [io.quarkus] (main) Installed features: [agroal, cdi, hibernate-orm, jdbc-h2, keycloak, narayana-jta, opentelemetry, reactive-routes, rest, rest-jackson, smallrye-context-propagation, smallrye-health, vertx]
09:49:38.527 [main] INFO tc.quay.io/keycloak/keycloak:26.1 -- Container quay.io/keycloak/keycloak:26.1 started in PT41.539661119S
[ERROR] Tests run: 2, Failures: 0, Errors: 2, Skipped: 0, Time elapsed: 47.21 s <<< FAILURE! -- in com.lifemiles.passkey.config.KeycloakFixtureRealmIT
[ERROR] com.lifemiles.passkey.config.KeycloakFixtureRealmIT.fixtureRealmIsImportedAndReachable -- Time elapsed: 1.378 s <<< ERROR!
jakarta.ws.rs.NotFoundException: HTTP 404 Not Found
	at org.jboss.resteasy.client.jaxrs.internal.ClientInvocation.handleErrorStatus(ClientInvocation.java:242)
	at org.jboss.resteasy.client.jaxrs.internal.ClientInvocation.extractResult(ClientInvocation.java:216)
	at org.jboss.resteasy.client.jaxrs.internal.proxy.extractors.BodyEntityExtractor.extractEntity(BodyEntityExtractor.java:59)
	at org.jboss.resteasy.client.jaxrs.internal.proxy.ClientInvoker.invokeSync(ClientInvoker.java:146)
	at org.jboss.resteasy.client.jaxrs.internal.proxy.ClientInvoker.invoke(ClientInvoker.java:104)
	at org.jboss.resteasy.client.jaxrs.internal.proxy.ClientProxy.invoke(ClientProxy.java:102)
	at jdk.proxy2/jdk.proxy2.$Proxy56.toRepresentation(Unknown Source)
	at com.lifemiles.passkey.config.KeycloakFixtureRealmIT.fixtureRealmIsImportedAndReachable(KeycloakFixtureRealmIT.java:64)

[ERROR] com.lifemiles.passkey.config.KeycloakFixtureRealmIT.webAuthnPasswordlessAuthenticatorIsActiveAsAlternativeInBrowserFlow -- Time elapsed: 0.039 s <<< ERROR!
jakarta.ws.rs.NotFoundException: HTTP 404 Not Found
	at org.jboss.resteasy.client.jaxrs.internal.ClientInvocation.handleErrorStatus(ClientInvocation.java:242)
	at org.jboss.resteasy.client.jaxrs.internal.ClientInvocation.extractResult(ClientInvocation.java:216)
	at org.jboss.resteasy.client.jaxrs.internal.proxy.extractors.BodyEntityExtractor.extractEntity(BodyEntityExtractor.java:59)
	at org.jboss.resteasy.client.jaxrs.internal.proxy.ClientInvoker.invokeSync(ClientInvoker.java:146)
	at org.jboss.resteasy.client.jaxrs.internal.proxy.ClientInvoker.invoke(ClientInvoker.java:104)
	at org.jboss.resteasy.client.jaxrs.internal.proxy.ClientProxy.invoke(ClientProxy.java:102)
	at jdk.proxy2/jdk.proxy2.$Proxy59.getExecutions(Unknown Source)
	at com.lifemiles.passkey.config.KeycloakFixtureRealmIT.webAuthnPasswordlessAuthenticatorIsActiveAsAlternativeInBrowserFlow(KeycloakFixtureRealmIT.java:73)

[INFO] 
[INFO] Results:
[INFO] 
[ERROR] Errors: 
[ERROR]   KeycloakFixtureRealmIT.fixtureRealmIsImportedAndReachable:64 » NotFound HTTP 404 Not Found
[ERROR]   KeycloakFixtureRealmIT.webAuthnPasswordlessAuthenticatorIsActiveAsAlternativeInBrowserFlow:73 » NotFound HTTP 404 Not Found
[INFO] 
[ERROR] Tests run: 2, Failures: 0, Errors: 2, Skipped: 0
[INFO] 
[INFO] 
[INFO] --- maven-failsafe-plugin:3.5.6:verify (default) @ passkey-service ---
[INFO] ------------------------------------------------------------------------
[INFO] BUILD FAILURE
[INFO] ------------------------------------------------------------------------
[INFO] Total time:  01:21 min
[INFO] Finished at: 2026-08-26T09:49:41-06:00
[INFO] ------------------------------------------------------------------------
[ERROR] Failed to execute goal org.apache.maven.plugins:maven-failsafe-plugin:3.5.6:verify (default) on project passkey-service: 
[ERROR] 
[ERROR] See /home/fjmolina/passkey-build/target/failsafe-reports for the individual test results.
[ERROR] See dump files (if any exist) [date].dump, [date]-jvmRun[N].dump and [date].dumpstream.
[ERROR] -> [Help 1]
[ERROR] 
[ERROR] To see the full stack trace of the errors, re-run Maven with the -e switch.
[ERROR] Re-run Maven using the -X switch to enable full debug logging.
[ERROR] 
[ERROR] For more information about the errors and possible solutions, please read the following articles:
[ERROR] [Help 1] http://cwiki.apache.org/confluence/display/MAVEN/MojoFailureException
