Updating the configuration and installing your custom providers, if any. Please wait.
2026-08-26 16:26:51,201 WARN  [io.qua.config] (build-2) Unrecognized configuration key "quarkus.smallrye-health.extensions.enabled" was provided; it will be ignored; verify that the dependency extension for this configuration is set or that you did not make a typo
2026-08-26 16:26:52,490 INFO  [io.qua.hib.orm.dep.HibernateOrmProcessor] (build-45) Persistence unit 'keycloak-default': Enforcing Quarkus defaults for dialect 'org.hibernate.dialect.H2Dialect' by automatically setting 'jakarta.persistence.database-product-version=2.3.230'.
2026-08-26 16:26:52,494 INFO  [io.qua.hib.orm.dep.HibernateOrmProcessor] (build-45) A legacy persistence.xml file is present in the classpath. This file will be used to configure JPA/Hibernate ORM persistence units, and any configuration of the Hibernate ORM extension will be ignored. To ignore persistence.xml files instead, set the configuration property 'quarkus.hibernate-orm.persistence-xml.ignore' to 'true'.
2026-08-26 16:27:01,220 INFO  [io.qua.dep.QuarkusAugmentor] (main) Quarkus augmentation completed in 12099ms
Running the server in development mode. DO NOT use this configuration in production.
2026-08-26 16:27:06,652 INFO  [org.keycloak.quarkus.runtime.storage.infinispan.CacheManagerFactory] (ForkJoinPool.commonPool-worker-1) Starting Infinispan embedded cache manager
2026-08-26 16:27:06,872 INFO  [org.infinispan.CONTAINER] (ForkJoinPool.commonPool-worker-1) Virtual threads support enabled
2026-08-26 16:27:07,216 INFO  [org.infinispan.CONTAINER] (ForkJoinPool.commonPool-worker-1) ISPN000556: Starting user marshaller 'org.infinispan.commons.marshall.ImmutableProtoStreamMarshaller'
2026-08-26 16:27:08,352 INFO  [org.keycloak.broker.provider.AbstractIdentityProviderMapper] (main) Registering class org.keycloak.broker.provider.mappersync.ConfigSyncEventListener
2026-08-26 16:27:10,175 INFO  [org.keycloak.quarkus.runtime.storage.database.liquibase.QuarkusJpaUpdaterProvider] (main) Initializing database schema. Using changelog META-INF/jpa-changelog-master.xml
2026-08-26 16:27:14,349 INFO  [org.keycloak.connections.infinispan.DefaultInfinispanConnectionProviderFactory] (main) Node name: node_46293, Site name: null
2026-08-26 16:27:15,000 INFO  [org.keycloak.exportimport.dir.DirImportProvider] (main) Importing from directory /opt/keycloak/bin/../data/import
2026-08-26 16:27:15,007 INFO  [org.keycloak.services] (main) KC-SERVICES0050: Initializing master realm
2026-08-26 16:27:17,105 INFO  [org.keycloak.exportimport.singlefile.SingleFileImportProvider] (main) Full importing from file /opt/keycloak/bin/../data/import/realm.json
2026-08-26 16:27:19,238 INFO  [org.keycloak.exportimport.util.ImportUtils] (main) Realm 'lifemiles-test' imported
2026-08-26 16:27:19,239 INFO  [org.keycloak.services] (main) KC-SERVICES0030: Full model import requested. Strategy: IGNORE_EXISTING
2026-08-26 16:27:19,239 INFO  [org.keycloak.services] (main) KC-SERVICES0032: Import finished successfully
2026-08-26 16:27:19,358 INFO  [org.keycloak.services] (main) KC-SERVICES0077: Created temporary admin user with username admin
2026-08-26 16:27:19,687 INFO  [io.quarkus] (main) Keycloak 26.1.5 on JVM (powered by Quarkus 3.15.4) started in 18.234s. Listening on: http://0.0.0.0:8080
2026-08-26 16:27:19,688 INFO  [io.quarkus] (main) Profile dev activated. 
2026-08-26 16:27:19,688 INFO  [io.quarkus] (main) Installed features: [agroal, cdi, hibernate-orm, jdbc-h2, keycloak, narayana-jta, opentelemetry, reactive-routes, rest, rest-jackson, smallrye-context-propagation, vertx]
2026-08-26 16:29:15,089 INFO  [com.arjuna.ats.jbossatx] (Shutdown thread) ARJUNA032014: Stopping transaction recovery manager
2026-08-26 16:29:15,340 INFO  [io.quarkus] (Shutdown thread) Keycloak stopped in 0.299s
