WARNING: A terminally deprecated method in sun.misc.Unsafe has been called
WARNING: sun.misc.Unsafe::objectFieldOffset has been called by com.google.common.util.concurrent.AbstractFuture$UnsafeAtomicHelper (file:/usr/share/maven/lib/guava.jar)
WARNING: Please consider reporting this to the maintainers of class com.google.common.util.concurrent.AbstractFuture$UnsafeAtomicHelper
WARNING: sun.misc.Unsafe::objectFieldOffset will be removed in a future release
[INFO] Scanning for projects...
[INFO] 
[INFO] -------------------< com.lifemiles:passkey-service >--------------------
[INFO] Building passkey-service 0.1.0-SNAPSHOT
[INFO] --------------------------------[ jar ]---------------------------------
[INFO] 
[INFO] --- maven-dependency-plugin:3.9.0:tree (default-cli) @ passkey-service ---
[INFO] com.lifemiles:passkey-service:jar:0.1.0-SNAPSHOT
[INFO] +- org.keycloak:keycloak-admin-client:jar:26.0.12:compile
[INFO] |  \- org.jboss.resteasy:resteasy-multipart-provider:jar:6.2.15.Final:compile
[INFO] |     +- org.apache.james:apache-mime4j-dom:jar:0.8.13:compile
[INFO] |     |  +- org.apache.james:apache-mime4j-core:jar:0.8.13:compile
[INFO] |     |  |  \- (commons-io:commons-io:jar:2.19.0:compile - omitted for conflict with 2.11.0)
[INFO] |     |  \- (commons-io:commons-io:jar:2.19.0:compile - omitted for conflict with 2.11.0)
[INFO] |     +- org.apache.james:apache-mime4j-storage:jar:0.8.13:compile
[INFO] |     |  \- (commons-io:commons-io:jar:2.19.0:compile - omitted for conflict with 2.11.0)
[INFO] |     \- commons-io:commons-io:jar:2.11.0:compile
[INFO] +- org.springframework.boot:spring-boot-testcontainers:jar:4.0.8:test
[INFO] |  \- org.testcontainers:testcontainers:jar:2.0.5:test (version managed from 2.0.5)
[INFO] |     \- org.apache.commons:commons-compress:jar:1.28.0:test
[INFO] |        \- (commons-io:commons-io:jar:2.20.0:test - omitted for conflict with 2.11.0)
[INFO] +- org.testcontainers:junit-jupiter:jar:1.21.4:test
[INFO] |  \- (org.testcontainers:testcontainers:jar:2.0.5:test - version managed from 1.21.4; omitted for duplicate)
[INFO] \- com.github.dasniko:testcontainers-keycloak:jar:3.6.0:test
[INFO]    \- (org.testcontainers:testcontainers:jar:2.0.5:test - version managed from 1.20.4; omitted for duplicate)
[INFO] ------------------------------------------------------------------------
[INFO] BUILD SUCCESS
[INFO] ------------------------------------------------------------------------
[INFO] Total time:  42.864 s
[INFO] Finished at: 2026-08-26T10:14:58-06:00
[INFO] ------------------------------------------------------------------------
