WARNING: A terminally deprecated method in sun.misc.Unsafe has been called
WARNING: sun.misc.Unsafe::objectFieldOffset has been called by com.google.common.util.concurrent.AbstractFuture$UnsafeAtomicHelper (file:/usr/share/maven/lib/guava.jar)
WARNING: Please consider reporting this to the maintainers of class com.google.common.util.concurrent.AbstractFuture$UnsafeAtomicHelper
WARNING: sun.misc.Unsafe::objectFieldOffset will be removed in a future release
[INFO] Scanning for projects...
[INFO] 
[INFO] -------------------< com.lifemiles:passkey-service >--------------------
[INFO] Building passkey-service 0.1.0-SNAPSHOT
[INFO] --------------------------------[ jar ]---------------------------------
[INFO] 
[INFO] --- maven-clean-plugin:3.5.0:clean (default-clean) @ passkey-service ---
[INFO] Deleting /home/fjmolina/passkey-build/target
[INFO] 
[INFO] --- maven-resources-plugin:3.3.1:resources (default-resources) @ passkey-service ---
[INFO] Copying 1 resource from src/main/resources to target/classes
[INFO] Copying 1 resource from src/main/resources to target/classes
[INFO] 
[INFO] --- maven-compiler-plugin:3.14.1:compile (default-compile) @ passkey-service ---
[INFO] Recompiling the module because of changed source code.
[INFO] Compiling 10 source files with javac [debug parameters release 21] to target/classes
[INFO] 
[INFO] --- maven-resources-plugin:3.3.1:testResources (default-testResources) @ passkey-service ---
[INFO] Copying 2 resources from src/test/resources to target/test-classes
[INFO] 
[INFO] --- maven-compiler-plugin:3.14.1:testCompile (default-testCompile) @ passkey-service ---
[INFO] Recompiling the module because of changed dependency.
[INFO] Compiling 2 source files with javac [debug parameters release 21] to target/test-classes
[INFO] /home/fjmolina/passkey-build/src/test/java/com/lifemiles/passkey/config/KeycloakFixtureRealmIT.java: /home/fjmolina/passkey-build/src/test/java/com/lifemiles/passkey/config/KeycloakFixtureRealmIT.java uses or overrides a deprecated API.
[INFO] /home/fjmolina/passkey-build/src/test/java/com/lifemiles/passkey/config/KeycloakFixtureRealmIT.java: Recompile with -Xlint:deprecation for details.
[INFO] 
[INFO] --- maven-surefire-plugin:3.5.6:test (default-test) @ passkey-service ---
[INFO] Using auto detected provider org.apache.maven.surefire.junitplatform.JUnitPlatformProvider
[INFO] 
[INFO] -------------------------------------------------------
[INFO]  T E S T S
[INFO] -------------------------------------------------------
[INFO] Running com.lifemiles.passkey.PasskeyApplicationAotTests
10:46:13.315 [main] INFO org.springframework.test.context.support.AnnotationConfigContextLoaderUtils -- Could not detect default configuration classes for test class [com.lifemiles.passkey.PasskeyApplicationAotTests]: PasskeyApplicationAotTests does not declare any static, non-private, non-final, nested classes annotated with @Configuration.
10:46:13.783 [main] INFO org.springframework.boot.test.context.SpringBootTestContextBootstrapper -- Found @SpringBootConfiguration com.lifemiles.passkey.PasskeyApplication for test class com.lifemiles.passkey.PasskeyApplicationAotTests
10:46:14.079 [main] INFO org.springframework.test.context.support.AnnotationConfigContextLoaderUtils -- Could not detect default configuration classes for test class [com.lifemiles.passkey.PasskeyApplicationAotTests]: PasskeyApplicationAotTests does not declare any static, non-private, non-final, nested classes annotated with @Configuration.
10:46:14.088 [main] INFO org.springframework.boot.test.context.SpringBootTestContextBootstrapper -- Found @SpringBootConfiguration com.lifemiles.passkey.PasskeyApplication for test class com.lifemiles.passkey.PasskeyApplicationAotTests

  .   ____          _            __ _ _
 /\\ / ___'_ __ _ _(_)_ __  __ _ \ \ \ \
( ( )\___ | '_ | '_| | '_ \/ _` | \ \ \ \
 \\/  ___)| |_)| | | | | || (_| |  ) ) ) )
  '  |____| .__|_| |_|_| |_\__, | / / / /
 =========|_|==============|___/=/_/_/_/

 :: Spring Boot ::                (v4.0.8)

2026-08-26 10:46:15 [main] INFO  c.l.p.PasskeyApplicationAotTests - Starting PasskeyApplicationAotTests using Java 25.0.4 with PID 501842 (started by fjmolina in /home/fjmolina/passkey-build)
2026-08-26 10:46:15 [main] INFO  c.l.p.PasskeyApplicationAotTests - No active profile set, falling back to 1 default profile: "default"
2026-08-26 10:46:21 [main] INFO  c.l.p.PasskeyApplicationAotTests - Started PasskeyApplicationAotTests in 7.202 seconds (process running for 13.128)
Mockito is currently self-attaching to enable the inline-mock-maker. This will no longer work in future releases of the JDK. Please add Mockito as an agent to your build as described in Mockito's documentation: https://javadoc.io/doc/org.mockito/mockito-core/latest/org.mockito/org/mockito/Mockito.html#0.3
WARNING: A Java agent has been loaded dynamically (/home/fjmolina/.m2/repository/net/bytebuddy/byte-buddy-agent/1.17.8/byte-buddy-agent-1.17.8.jar)
WARNING: If a serviceability tool is in use, please run with -XX:+EnableDynamicAgentLoading to hide this warning
WARNING: If a serviceability tool is not in use, please run with -Djdk.instrument.traceUsage for more information
WARNING: Dynamic loading of agents will be disallowed by default in a future release
Java HotSpot(TM) 64-Bit Server VM warning: Sharing is only supported for boot loader classes because bootstrap classpath has been appended
[INFO] Tests run: 1, Failures: 0, Errors: 0, Skipped: 0, Time elapsed: 11.39 s -- in com.lifemiles.passkey.PasskeyApplicationAotTests
[INFO] 
[INFO] Results:
[INFO] 
[INFO] Tests run: 1, Failures: 0, Errors: 0, Skipped: 0
[INFO] 
[INFO] 
[INFO] --- maven-jar-plugin:3.4.2:jar (default-jar) @ passkey-service ---
[INFO] Building jar: /home/fjmolina/passkey-build/target/passkey-service-0.1.0-SNAPSHOT.jar
[INFO] 
[INFO] --- spring-boot-maven-plugin:4.0.8:repackage (repackage) @ passkey-service ---
[INFO] Replacing main artifact /home/fjmolina/passkey-build/target/passkey-service-0.1.0-SNAPSHOT.jar with repackaged archive, adding nested dependencies in BOOT-INF/.
[INFO] The original artifact has been renamed to /home/fjmolina/passkey-build/target/passkey-service-0.1.0-SNAPSHOT.jar.original
[INFO] 
[INFO] --- cyclonedx-maven-plugin:2.9.1:makeAggregateBom (default) @ passkey-service ---
[INFO] CycloneDX: Resolving Dependencies
[INFO] CycloneDX: Creating BOM version 1.6 with 108 component(s)
[INFO] CycloneDX: Writing and validating BOM (JSON): /home/fjmolina/passkey-build/target/classes/META-INF/sbom/application.cdx.json
[WARNING] Unknown keyword meta:enum - you should define your own Meta Schema. If the keyword is irrelevant for validation, just use a NonValidationKeyword or if it should generate annotations AnnotationKeyword
[WARNING] Unknown keyword deprecated - you should define your own Meta Schema. If the keyword is irrelevant for validation, just use a NonValidationKeyword or if it should generate annotations AnnotationKeyword
[INFO]            attaching as passkey-service-0.1.0-SNAPSHOT-cyclonedx.json
[INFO] 
[INFO] --- maven-failsafe-plugin:3.5.6:integration-test (default) @ passkey-service ---
[INFO] Using auto detected provider org.apache.maven.surefire.junitplatform.JUnitPlatformProvider
[INFO] 
[INFO] -------------------------------------------------------
[INFO]  T E S T S
[INFO] -------------------------------------------------------
[INFO] Running com.lifemiles.passkey.config.KeycloakFixtureRealmIT
10:47:13.289 [main] INFO org.testcontainers.images.PullPolicy -- Image pull policy will be performed by: DefaultPullPolicy()
10:47:13.301 [main] INFO org.testcontainers.utility.ImageNameSubstitutor -- Image name substitution will be performed by: DefaultImageNameSubstitutor (composite of 'ConfigurationFileImageNameSubstitutor' and 'PrefixingImageNameSubstitutor')
10:47:13.551 [main] INFO org.testcontainers.DockerClientFactory -- Testcontainers version: 2.0.5
10:47:14.518 [main] INFO org.testcontainers.dockerclient.DockerClientProviderStrategy -- Loaded org.testcontainers.dockerclient.UnixSocketClientProviderStrategy from ~/.testcontainers.properties, will try it first
10:47:16.729 [main] INFO org.testcontainers.dockerclient.DockerClientProviderStrategy -- Found Docker environment with local Unix socket (unix:///var/run/docker.sock)
10:47:16.734 [main] INFO org.testcontainers.DockerClientFactory -- Docker host IP address is localhost
10:47:16.832 [main] INFO org.testcontainers.DockerClientFactory -- Connected to docker: 
  Server Version: 29.4.3
  API Version: 1.54
  Operating System: Ubuntu 24.04.1 LTS
  Total Memory: 15706 MB
10:47:17.428 [main] INFO tc.testcontainers/ryuk:0.14.0 -- Creating container for image: testcontainers/ryuk:0.14.0
10:47:17.447 [main] INFO org.testcontainers.utility.RegistryAuthLocator -- Failure when attempting to lookup auth config. Please ignore if you don't have images in an authenticated registry. Details: (dockerImageName: testcontainers/ryuk:0.14.0, configFile: /home/fjmolina/.docker/config.json, configEnv: DOCKER_AUTH_CONFIG). Falling back to docker-java default behaviour. Exception message: Status 404: No config supplied. Checked in order: /home/fjmolina/.docker/config.json (file not found), DOCKER_AUTH_CONFIG (not set)
10:47:18.034 [main] INFO tc.testcontainers/ryuk:0.14.0 -- Container testcontainers/ryuk:0.14.0 is starting: e9d5a85cc8a9bf0128463b3b4316a40ce3d6378047dd97a2c0604c513089a197
10:47:19.508 [main] INFO tc.testcontainers/ryuk:0.14.0 -- Container testcontainers/ryuk:0.14.0 started in PT2.079280129S
10:47:19.530 [main] INFO org.testcontainers.utility.RyukResourceReaper -- Ryuk started - will monitor and terminate Testcontainers containers on JVM exit
10:47:19.530 [main] INFO org.testcontainers.DockerClientFactory -- Checking the system...
10:47:19.532 [main] INFO org.testcontainers.DockerClientFactory -- ✔︎ Docker server version should be at least 1.6.0
10:47:19.557 [main] INFO tc.quay.io/keycloak/keycloak:26.1 -- Pulling docker image: quay.io/keycloak/keycloak:26.1. Please be patient; this may take some time but only needs to be done once.
10:47:19.567 [main] INFO org.testcontainers.utility.RegistryAuthLocator -- Failure when attempting to lookup auth config. Please ignore if you don't have images in an authenticated registry. Details: (dockerImageName: quay.io/keycloak/keycloak:latest, configFile: /home/fjmolina/.docker/config.json, configEnv: DOCKER_AUTH_CONFIG). Falling back to docker-java default behaviour. Exception message: Status 404: No config supplied. Checked in order: /home/fjmolina/.docker/config.json (file not found), DOCKER_AUTH_CONFIG (not set)
10:47:20.325 [docker-java-stream--386116930] INFO tc.quay.io/keycloak/keycloak:26.1 -- Starting to pull image
10:47:20.406 [docker-java-stream--386116930] INFO tc.quay.io/keycloak/keycloak:26.1 -- Pulling image layers:  0 pending,  0 downloaded,  0 extracted, (0 bytes/0 bytes)
10:47:21.115 [main] INFO tc.quay.io/keycloak/keycloak:26.1 -- Image quay.io/keycloak/keycloak:26.1 pull took PT1.556888124S
10:47:21.259 [main] INFO tc.quay.io/keycloak/keycloak:26.1 -- Creating container for image: quay.io/keycloak/keycloak:26.1
10:47:21.627 [main] INFO tc.quay.io/keycloak/keycloak:26.1 -- Container quay.io/keycloak/keycloak:26.1 is starting: 5e74ae98650665b42c751a172a9e659e3bf529218fffd864114a5380c1b94276
10:47:22.273 [docker-java-stream-1200792588] INFO tc.quay.io/keycloak/keycloak:26.1 -- STDOUT: JAVA_OPTS_KC_HEAP already set in environment; overriding default settings
10:47:22.402 [main] INFO org.testcontainers.containers.wait.strategy.HttpWaitStrategy -- /wizardly_proskuriakova: Waiting for 120 seconds for URL: http://localhost:32791/health/ready (where port 32791 maps to container port 9000)
10:47:25.471 [docker-java-stream-1200792588] INFO tc.quay.io/keycloak/keycloak:26.1 -- STDOUT: Updating the configuration and installing your custom providers, if any. Please wait.
10:47:37.111 [docker-java-stream-1200792588] INFO tc.quay.io/keycloak/keycloak:26.1 -- STDOUT: 2026-08-26 16:47:32,304 WARN  [io.qua.config] (build-23) Unrecognized configuration key "quarkus.micrometer.enabled" was provided; it will be ignored; verify that the dependency extension for this configuration is set or that you did not make a typo
10:47:37.165 [docker-java-stream-1200792588] INFO tc.quay.io/keycloak/keycloak:26.1 -- STDOUT: 2026-08-26 16:47:37,160 INFO  [io.qua.hib.orm.dep.HibernateOrmProcessor] (build-22) Persistence unit 'keycloak-default': Enforcing Quarkus defaults for dialect 'org.hibernate.dialect.H2Dialect' by automatically setting 'jakarta.persistence.database-product-version=2.3.230'.
10:47:37.172 [docker-java-stream-1200792588] INFO tc.quay.io/keycloak/keycloak:26.1 -- STDOUT: 2026-08-26 16:47:37,169 INFO  [io.qua.hib.orm.dep.HibernateOrmProcessor] (build-22) A legacy persistence.xml file is present in the classpath. This file will be used to configure JPA/Hibernate ORM persistence units, and any configuration of the Hibernate ORM extension will be ignored. To ignore persistence.xml files instead, set the configuration property 'quarkus.hibernate-orm.persistence-xml.ignore' to 'true'.
10:48:04.108 [docker-java-stream-1200792588] INFO tc.quay.io/keycloak/keycloak:26.1 -- STDOUT: 2026-08-26 16:48:04,105 INFO  [io.qua.dep.QuarkusAugmentor] (main) Quarkus augmentation completed in 35965ms
10:48:09.141 [docker-java-stream-1200792588] INFO tc.quay.io/keycloak/keycloak:26.1 -- STDOUT: Running the server in development mode. DO NOT use this configuration in production.
10:48:23.069 [docker-java-stream-1200792588] INFO tc.quay.io/keycloak/keycloak:26.1 -- STDOUT: 2026-08-26 16:48:23,056 INFO  [org.keycloak.quarkus.runtime.storage.infinispan.CacheManagerFactory] (ForkJoinPool.commonPool-worker-1) Starting Infinispan embedded cache manager
10:48:25.105 [docker-java-stream-1200792588] INFO tc.quay.io/keycloak/keycloak:26.1 -- STDOUT: 2026-08-26 16:48:25,100 INFO  [org.infinispan.CONTAINER] (ForkJoinPool.commonPool-worker-1) Virtual threads support enabled
10:48:25.952 [docker-java-stream-1200792588] INFO tc.quay.io/keycloak/keycloak:26.1 -- STDOUT: 2026-08-26 16:48:25,947 INFO  [org.infinispan.CONTAINER] (ForkJoinPool.commonPool-worker-1) ISPN000556: Starting user marshaller 'org.infinispan.commons.marshall.ImmutableProtoStreamMarshaller'
10:48:31.411 [docker-java-stream-1200792588] INFO tc.quay.io/keycloak/keycloak:26.1 -- STDOUT: 2026-08-26 16:48:31,380 INFO  [org.keycloak.quarkus.runtime.storage.database.liquibase.QuarkusJpaUpdaterProvider] (main) Initializing database schema. Using changelog META-INF/jpa-changelog-master.xml
10:48:43.032 [docker-java-stream-1200792588] INFO tc.quay.io/keycloak/keycloak:26.1 -- STDOUT: 2026-08-26 16:48:43,031 INFO  [org.keycloak.connections.infinispan.DefaultInfinispanConnectionProviderFactory] (main) Node name: node_189398, Site name: null
10:48:43.529 [docker-java-stream-1200792588] INFO tc.quay.io/keycloak/keycloak:26.1 -- STDOUT: 2026-08-26 16:48:43,527 INFO  [org.keycloak.broker.provider.AbstractIdentityProviderMapper] (main) Registering class org.keycloak.broker.provider.mappersync.ConfigSyncEventListener
10:48:43.677 [docker-java-stream-1200792588] INFO tc.quay.io/keycloak/keycloak:26.1 -- STDOUT: 2026-08-26 16:48:43,675 INFO  [org.keycloak.exportimport.dir.DirImportProvider] (main) Importing from directory /opt/keycloak/bin/../data/import
10:48:43.687 [docker-java-stream-1200792588] INFO tc.quay.io/keycloak/keycloak:26.1 -- STDOUT: 2026-08-26 16:48:43,686 INFO  [org.keycloak.services] (main) KC-SERVICES0050: Initializing master realm
10:48:48.053 [docker-java-stream-1200792588] INFO tc.quay.io/keycloak/keycloak:26.1 -- STDOUT: 2026-08-26 16:48:48,050 INFO  [org.keycloak.services] (main) KC-SERVICES0030: Full model import requested. Strategy: IGNORE_EXISTING
10:48:53.057 [docker-java-stream-1200792588] INFO tc.quay.io/keycloak/keycloak:26.1 -- STDOUT: 2026-08-26 16:48:53,055 INFO  [org.keycloak.exportimport.util.ImportUtils] (main) Realm 'lifemiles-test' imported
10:48:53.322 [docker-java-stream-1200792588] INFO tc.quay.io/keycloak/keycloak:26.1 -- STDOUT: 2026-08-26 16:48:53,320 INFO  [org.keycloak.services] (main) KC-SERVICES0032: Import finished successfully
10:48:53.551 [docker-java-stream-1200792588] INFO tc.quay.io/keycloak/keycloak:26.1 -- STDOUT: 2026-08-26 16:48:53,549 INFO  [org.keycloak.services] (main) KC-SERVICES0077: Created temporary admin user with username admin
10:48:54.203 [docker-java-stream-1200792588] INFO tc.quay.io/keycloak/keycloak:26.1 -- STDOUT: 2026-08-26 16:48:54,200 INFO  [io.quarkus] (main) Keycloak 26.1.5 on JVM (powered by Quarkus 3.15.4) started in 49.533s. Listening on: http://0.0.0.0:8080. Management interface listening on http://0.0.0.0:9000.
10:48:54.204 [docker-java-stream-1200792588] INFO tc.quay.io/keycloak/keycloak:26.1 -- STDOUT: 2026-08-26 16:48:54,201 INFO  [io.quarkus] (main) Profile dev activated. 
10:48:54.206 [docker-java-stream-1200792588] INFO tc.quay.io/keycloak/keycloak:26.1 -- STDOUT: 2026-08-26 16:48:54,202 INFO  [io.quarkus] (main) Installed features: [agroal, cdi, hibernate-orm, jdbc-h2, keycloak, narayana-jta, opentelemetry, reactive-routes, rest, rest-jackson, smallrye-context-propagation, smallrye-health, vertx]
10:48:54.590 [main] INFO tc.quay.io/keycloak/keycloak:26.1 -- Container quay.io/keycloak/keycloak:26.1 started in PT1M33.330750764S
[INFO] Tests run: 3, Failures: 0, Errors: 0, Skipped: 0, Time elapsed: 110.3 s -- in com.lifemiles.passkey.config.KeycloakFixtureRealmIT
[INFO] 
[INFO] Results:
[INFO] 
[INFO] Tests run: 3, Failures: 0, Errors: 0, Skipped: 0
[INFO] 
[INFO] 
[INFO] --- maven-failsafe-plugin:3.5.6:verify (default) @ passkey-service ---
[INFO] ------------------------------------------------------------------------
[INFO] BUILD SUCCESS
[INFO] ------------------------------------------------------------------------
[INFO] Total time:  03:11 min
[INFO] Finished at: 2026-08-26T10:49:03-06:00
[INFO] ------------------------------------------------------------------------
