WARNING: A terminally deprecated method in sun.misc.Unsafe has been called
WARNING: sun.misc.Unsafe::objectFieldOffset has been called by com.google.common.util.concurrent.AbstractFuture$UnsafeAtomicHelper (file:/usr/share/maven/lib/guava.jar)
WARNING: Please consider reporting this to the maintainers of class com.google.common.util.concurrent.AbstractFuture$UnsafeAtomicHelper
WARNING: sun.misc.Unsafe::objectFieldOffset will be removed in a future release
[INFO] Scanning for projects...
[INFO] 
[INFO] -------------------< com.lifemiles:passkey-service >--------------------
[INFO] Building passkey-service 0.1.0-SNAPSHOT
[INFO] --------------------------------[ jar ]---------------------------------
[INFO] 
[INFO] --- maven-clean-plugin:3.5.0:clean (default-clean) @ passkey-service ---
[INFO] Deleting /home/fjmolina/passkey-build/target
[INFO] 
[INFO] --- maven-resources-plugin:3.3.1:resources (default-resources) @ passkey-service ---
[INFO] Copying 1 resource from src/main/resources to target/classes
[INFO] Copying 1 resource from src/main/resources to target/classes
[INFO] 
[INFO] --- maven-compiler-plugin:3.14.1:compile (default-compile) @ passkey-service ---
[INFO] Recompiling the module because of changed source code.
[INFO] Compiling 10 source files with javac [debug parameters release 21] to target/classes
[INFO] 
[INFO] --- maven-resources-plugin:3.3.1:testResources (default-testResources) @ passkey-service ---
[INFO] Copying 2 resources from src/test/resources to target/test-classes
[INFO] 
[INFO] --- maven-compiler-plugin:3.14.1:testCompile (default-testCompile) @ passkey-service ---
[INFO] Recompiling the module because of changed dependency.
[INFO] Compiling 2 source files with javac [debug parameters release 21] to target/test-classes
[INFO] /home/fjmolina/passkey-build/src/test/java/com/lifemiles/passkey/config/KeycloakFixtureRealmIT.java: /home/fjmolina/passkey-build/src/test/java/com/lifemiles/passkey/config/KeycloakFixtureRealmIT.java uses or overrides a deprecated API.
[INFO] /home/fjmolina/passkey-build/src/test/java/com/lifemiles/passkey/config/KeycloakFixtureRealmIT.java: Recompile with -Xlint:deprecation for details.
[INFO] 
[INFO] --- maven-surefire-plugin:3.5.6:test (default-test) @ passkey-service ---
[INFO] Using auto detected provider org.apache.maven.surefire.junitplatform.JUnitPlatformProvider
[INFO] 
[INFO] -------------------------------------------------------
[INFO]  T E S T S
[INFO] -------------------------------------------------------
[INFO] Running com.lifemiles.passkey.PasskeyApplicationAotTests
10:34:47.321 [main] INFO org.springframework.test.context.support.AnnotationConfigContextLoaderUtils -- Could not detect default configuration classes for test class [com.lifemiles.passkey.PasskeyApplicationAotTests]: PasskeyApplicationAotTests does not declare any static, non-private, non-final, nested classes annotated with @Configuration.
10:34:47.678 [main] INFO org.springframework.boot.test.context.SpringBootTestContextBootstrapper -- Found @SpringBootConfiguration com.lifemiles.passkey.PasskeyApplication for test class com.lifemiles.passkey.PasskeyApplicationAotTests
10:34:47.895 [main] INFO org.springframework.test.context.support.AnnotationConfigContextLoaderUtils -- Could not detect default configuration classes for test class [com.lifemiles.passkey.PasskeyApplicationAotTests]: PasskeyApplicationAotTests does not declare any static, non-private, non-final, nested classes annotated with @Configuration.
10:34:47.901 [main] INFO org.springframework.boot.test.context.SpringBootTestContextBootstrapper -- Found @SpringBootConfiguration com.lifemiles.passkey.PasskeyApplication for test class com.lifemiles.passkey.PasskeyApplicationAotTests

  .   ____          _            __ _ _
 /\\ / ___'_ __ _ _(_)_ __  __ _ \ \ \ \
( ( )\___ | '_ | '_| | '_ \/ _` | \ \ \ \
 \\/  ___)| |_)| | | | | || (_| |  ) ) ) )
  '  |____| .__|_| |_|_| |_\__, | / / / /
 =========|_|==============|___/=/_/_/_/

 :: Spring Boot ::                (v4.0.8)

2026-08-26 10:34:48 [main] INFO  c.l.p.PasskeyApplicationAotTests - Starting PasskeyApplicationAotTests using Java 25.0.4 with PID 497030 (started by fjmolina in /home/fjmolina/passkey-build)
2026-08-26 10:34:48 [main] INFO  c.l.p.PasskeyApplicationAotTests - No active profile set, falling back to 1 default profile: "default"
2026-08-26 10:34:51 [main] INFO  c.l.p.PasskeyApplicationAotTests - Started PasskeyApplicationAotTests in 3.384 seconds (process running for 6.432)
Mockito is currently self-attaching to enable the inline-mock-maker. This will no longer work in future releases of the JDK. Please add Mockito as an agent to your build as described in Mockito's documentation: https://javadoc.io/doc/org.mockito/mockito-core/latest/org.mockito/org/mockito/Mockito.html#0.3
WARNING: A Java agent has been loaded dynamically (/home/fjmolina/.m2/repository/net/bytebuddy/byte-buddy-agent/1.17.8/byte-buddy-agent-1.17.8.jar)
WARNING: If a serviceability tool is in use, please run with -XX:+EnableDynamicAgentLoading to hide this warning
WARNING: If a serviceability tool is not in use, please run with -Djdk.instrument.traceUsage for more information
WARNING: Dynamic loading of agents will be disallowed by default in a future release
Java HotSpot(TM) 64-Bit Server VM warning: Sharing is only supported for boot loader classes because bootstrap classpath has been appended
[INFO] Tests run: 1, Failures: 0, Errors: 0, Skipped: 0, Time elapsed: 5.667 s -- in com.lifemiles.passkey.PasskeyApplicationAotTests
[INFO] 
[INFO] Results:
[INFO] 
[INFO] Tests run: 1, Failures: 0, Errors: 0, Skipped: 0
[INFO] 
[INFO] 
[INFO] --- maven-jar-plugin:3.4.2:jar (default-jar) @ passkey-service ---
[INFO] Building jar: /home/fjmolina/passkey-build/target/passkey-service-0.1.0-SNAPSHOT.jar
[INFO] 
[INFO] --- spring-boot-maven-plugin:4.0.8:repackage (repackage) @ passkey-service ---
[INFO] Replacing main artifact /home/fjmolina/passkey-build/target/passkey-service-0.1.0-SNAPSHOT.jar with repackaged archive, adding nested dependencies in BOOT-INF/.
[INFO] The original artifact has been renamed to /home/fjmolina/passkey-build/target/passkey-service-0.1.0-SNAPSHOT.jar.original
[INFO] 
[INFO] --- cyclonedx-maven-plugin:2.9.1:makeAggregateBom (default) @ passkey-service ---
[INFO] CycloneDX: Resolving Dependencies
[INFO] CycloneDX: Creating BOM version 1.6 with 108 component(s)
[INFO] CycloneDX: Writing and validating BOM (JSON): /home/fjmolina/passkey-build/target/classes/META-INF/sbom/application.cdx.json
[WARNING] Unknown keyword meta:enum - you should define your own Meta Schema. If the keyword is irrelevant for validation, just use a NonValidationKeyword or if it should generate annotations AnnotationKeyword
[WARNING] Unknown keyword deprecated - you should define your own Meta Schema. If the keyword is irrelevant for validation, just use a NonValidationKeyword or if it should generate annotations AnnotationKeyword
[INFO]            attaching as passkey-service-0.1.0-SNAPSHOT-cyclonedx.json
[INFO] 
[INFO] --- maven-failsafe-plugin:3.5.6:integration-test (default) @ passkey-service ---
[INFO] Using auto detected provider org.apache.maven.surefire.junitplatform.JUnitPlatformProvider
[INFO] 
[INFO] -------------------------------------------------------
[INFO]  T E S T S
[INFO] -------------------------------------------------------
[INFO] Running com.lifemiles.passkey.config.KeycloakFixtureRealmIT
10:35:10.232 [main] INFO org.testcontainers.images.PullPolicy -- Image pull policy will be performed by: DefaultPullPolicy()
10:35:10.237 [main] INFO org.testcontainers.utility.ImageNameSubstitutor -- Image name substitution will be performed by: DefaultImageNameSubstitutor (composite of 'ConfigurationFileImageNameSubstitutor' and 'PrefixingImageNameSubstitutor')
10:35:10.284 [main] INFO org.testcontainers.DockerClientFactory -- Testcontainers version: 2.0.5
10:35:10.581 [main] INFO org.testcontainers.dockerclient.DockerClientProviderStrategy -- Loaded org.testcontainers.dockerclient.UnixSocketClientProviderStrategy from ~/.testcontainers.properties, will try it first
10:35:11.577 [main] INFO org.testcontainers.dockerclient.DockerClientProviderStrategy -- Found Docker environment with local Unix socket (unix:///var/run/docker.sock)
10:35:11.581 [main] INFO org.testcontainers.DockerClientFactory -- Docker host IP address is localhost
10:35:11.626 [main] INFO org.testcontainers.DockerClientFactory -- Connected to docker: 
  Server Version: 29.4.3
  API Version: 1.54
  Operating System: Ubuntu 24.04.1 LTS
  Total Memory: 15706 MB
10:35:11.811 [main] INFO tc.testcontainers/ryuk:0.14.0 -- Creating container for image: testcontainers/ryuk:0.14.0
10:35:11.818 [main] INFO org.testcontainers.utility.RegistryAuthLocator -- Failure when attempting to lookup auth config. Please ignore if you don't have images in an authenticated registry. Details: (dockerImageName: testcontainers/ryuk:0.14.0, configFile: /home/fjmolina/.docker/config.json, configEnv: DOCKER_AUTH_CONFIG). Falling back to docker-java default behaviour. Exception message: Status 404: No config supplied. Checked in order: /home/fjmolina/.docker/config.json (file not found), DOCKER_AUTH_CONFIG (not set)
10:35:12.185 [main] INFO tc.testcontainers/ryuk:0.14.0 -- Container testcontainers/ryuk:0.14.0 is starting: f969e78f347bda03adff4d39856b85fa13a4899b6deaa62a3798d9dcd7224313
10:35:12.812 [main] INFO tc.testcontainers/ryuk:0.14.0 -- Container testcontainers/ryuk:0.14.0 started in PT1.000908036S
10:35:12.824 [main] INFO org.testcontainers.utility.RyukResourceReaper -- Ryuk started - will monitor and terminate Testcontainers containers on JVM exit
10:35:12.825 [main] INFO org.testcontainers.DockerClientFactory -- Checking the system...
10:35:12.826 [main] INFO org.testcontainers.DockerClientFactory -- ✔︎ Docker server version should be at least 1.6.0
10:35:12.837 [main] INFO tc.quay.io/keycloak/keycloak:26.1 -- Pulling docker image: quay.io/keycloak/keycloak:26.1. Please be patient; this may take some time but only needs to be done once.
10:35:12.842 [main] INFO org.testcontainers.utility.RegistryAuthLocator -- Failure when attempting to lookup auth config. Please ignore if you don't have images in an authenticated registry. Details: (dockerImageName: quay.io/keycloak/keycloak:latest, configFile: /home/fjmolina/.docker/config.json, configEnv: DOCKER_AUTH_CONFIG). Falling back to docker-java default behaviour. Exception message: Status 404: No config supplied. Checked in order: /home/fjmolina/.docker/config.json (file not found), DOCKER_AUTH_CONFIG (not set)
10:35:13.572 [docker-java-stream--386116930] INFO tc.quay.io/keycloak/keycloak:26.1 -- Starting to pull image
10:35:13.613 [docker-java-stream--386116930] INFO tc.quay.io/keycloak/keycloak:26.1 -- Pulling image layers:  0 pending,  0 downloaded,  0 extracted, (0 bytes/0 bytes)
10:35:14.318 [main] INFO tc.quay.io/keycloak/keycloak:26.1 -- Image quay.io/keycloak/keycloak:26.1 pull took PT1.480764368S
10:35:14.386 [main] INFO tc.quay.io/keycloak/keycloak:26.1 -- Creating container for image: quay.io/keycloak/keycloak:26.1
10:35:14.565 [main] INFO tc.quay.io/keycloak/keycloak:26.1 -- Container quay.io/keycloak/keycloak:26.1 is starting: e9b1ba17f5f8c817e4824ee4e415a1743a5676a1aec55b68dd35b7b6ea48e536
10:35:14.971 [docker-java-stream-2087204632] INFO tc.quay.io/keycloak/keycloak:26.1 -- STDOUT: JAVA_OPTS_KC_HEAP already set in environment; overriding default settings
10:35:15.065 [main] INFO org.testcontainers.containers.wait.strategy.HttpWaitStrategy -- /loving_hugle: Waiting for 120 seconds for URL: http://localhost:32787/health/ready (where port 32787 maps to container port 9000)
10:35:16.954 [docker-java-stream-2087204632] INFO tc.quay.io/keycloak/keycloak:26.1 -- STDOUT: Updating the configuration and installing your custom providers, if any. Please wait.
10:35:27.243 [docker-java-stream-2087204632] INFO tc.quay.io/keycloak/keycloak:26.1 -- STDOUT: 2026-08-26 16:35:22,964 WARN  [io.qua.config] (build-7) Unrecognized configuration key "quarkus.micrometer.enabled" was provided; it will be ignored; verify that the dependency extension for this configuration is set or that you did not make a typo
10:35:27.246 [docker-java-stream-2087204632] INFO tc.quay.io/keycloak/keycloak:26.1 -- STDOUT: 2026-08-26 16:35:27,221 INFO  [io.qua.hib.orm.dep.HibernateOrmProcessor] (build-36) Persistence unit 'keycloak-default': Enforcing Quarkus defaults for dialect 'org.hibernate.dialect.H2Dialect' by automatically setting 'jakarta.persistence.database-product-version=2.3.230'.
10:35:27.255 [docker-java-stream-2087204632] INFO tc.quay.io/keycloak/keycloak:26.1 -- STDOUT: 2026-08-26 16:35:27,253 INFO  [io.qua.hib.orm.dep.HibernateOrmProcessor] (build-36) A legacy persistence.xml file is present in the classpath. This file will be used to configure JPA/Hibernate ORM persistence units, and any configuration of the Hibernate ORM extension will be ignored. To ignore persistence.xml files instead, set the configuration property 'quarkus.hibernate-orm.persistence-xml.ignore' to 'true'.
10:35:41.553 [docker-java-stream-2087204632] INFO tc.quay.io/keycloak/keycloak:26.1 -- STDOUT: 2026-08-26 16:35:41,551 INFO  [io.qua.dep.QuarkusAugmentor] (main) Quarkus augmentation completed in 22716ms
10:35:42.996 [docker-java-stream-2087204632] INFO tc.quay.io/keycloak/keycloak:26.1 -- STDOUT: Running the server in development mode. DO NOT use this configuration in production.
10:35:47.576 [docker-java-stream-2087204632] INFO tc.quay.io/keycloak/keycloak:26.1 -- STDOUT: 2026-08-26 16:35:47,574 INFO  [org.keycloak.quarkus.runtime.storage.infinispan.CacheManagerFactory] (ForkJoinPool.commonPool-worker-1) Starting Infinispan embedded cache manager
10:35:47.855 [docker-java-stream-2087204632] INFO tc.quay.io/keycloak/keycloak:26.1 -- STDOUT: 2026-08-26 16:35:47,852 INFO  [org.infinispan.CONTAINER] (ForkJoinPool.commonPool-worker-1) Virtual threads support enabled
10:35:48.285 [docker-java-stream-2087204632] INFO tc.quay.io/keycloak/keycloak:26.1 -- STDOUT: 2026-08-26 16:35:48,283 INFO  [org.infinispan.CONTAINER] (ForkJoinPool.commonPool-worker-1) ISPN000556: Starting user marshaller 'org.infinispan.commons.marshall.ImmutableProtoStreamMarshaller'
10:35:51.146 [docker-java-stream-2087204632] INFO tc.quay.io/keycloak/keycloak:26.1 -- STDOUT: 2026-08-26 16:35:51,145 INFO  [org.keycloak.quarkus.runtime.storage.database.liquibase.QuarkusJpaUpdaterProvider] (main) Initializing database schema. Using changelog META-INF/jpa-changelog-master.xml
10:35:57.358 [docker-java-stream-2087204632] INFO tc.quay.io/keycloak/keycloak:26.1 -- STDOUT: 2026-08-26 16:35:57,357 INFO  [org.keycloak.connections.infinispan.DefaultInfinispanConnectionProviderFactory] (main) Node name: node_591597, Site name: null
10:35:57.733 [docker-java-stream-2087204632] INFO tc.quay.io/keycloak/keycloak:26.1 -- STDOUT: 2026-08-26 16:35:57,731 INFO  [org.keycloak.broker.provider.AbstractIdentityProviderMapper] (main) Registering class org.keycloak.broker.provider.mappersync.ConfigSyncEventListener
10:35:57.825 [docker-java-stream-2087204632] INFO tc.quay.io/keycloak/keycloak:26.1 -- STDOUT: 2026-08-26 16:35:57,824 INFO  [org.keycloak.exportimport.dir.DirImportProvider] (main) Importing from directory /opt/keycloak/bin/../data/import
10:35:57.836 [docker-java-stream-2087204632] INFO tc.quay.io/keycloak/keycloak:26.1 -- STDOUT: 2026-08-26 16:35:57,834 INFO  [org.keycloak.services] (main) KC-SERVICES0050: Initializing master realm
10:36:00.719 [docker-java-stream-2087204632] INFO tc.quay.io/keycloak/keycloak:26.1 -- STDOUT: 2026-08-26 16:36:00,718 INFO  [org.keycloak.services] (main) KC-SERVICES0030: Full model import requested. Strategy: IGNORE_EXISTING
10:36:03.491 [docker-java-stream-2087204632] INFO tc.quay.io/keycloak/keycloak:26.1 -- STDOUT: 2026-08-26 16:36:03,489 INFO  [org.keycloak.exportimport.util.ImportUtils] (main) Realm 'lifemiles-test' imported
10:36:03.641 [docker-java-stream-2087204632] INFO tc.quay.io/keycloak/keycloak:26.1 -- STDOUT: 2026-08-26 16:36:03,640 INFO  [org.keycloak.services] (main) KC-SERVICES0032: Import finished successfully
10:36:03.762 [docker-java-stream-2087204632] INFO tc.quay.io/keycloak/keycloak:26.1 -- STDOUT: 2026-08-26 16:36:03,760 INFO  [org.keycloak.services] (main) KC-SERVICES0077: Created temporary admin user with username admin
10:36:04.150 [docker-java-stream-2087204632] INFO tc.quay.io/keycloak/keycloak:26.1 -- STDOUT: 2026-08-26 16:36:04,147 INFO  [io.quarkus] (main) Keycloak 26.1.5 on JVM (powered by Quarkus 3.15.4) started in 22.406s. Listening on: http://0.0.0.0:8080. Management interface listening on http://0.0.0.0:9000.
10:36:04.150 [docker-java-stream-2087204632] INFO tc.quay.io/keycloak/keycloak:26.1 -- STDOUT: 2026-08-26 16:36:04,148 INFO  [io.quarkus] (main) Profile dev activated. 
10:36:04.151 [docker-java-stream-2087204632] INFO tc.quay.io/keycloak/keycloak:26.1 -- STDOUT: 2026-08-26 16:36:04,149 INFO  [io.quarkus] (main) Installed features: [agroal, cdi, hibernate-orm, jdbc-h2, keycloak, narayana-jta, opentelemetry, reactive-routes, rest, rest-jackson, smallrye-context-propagation, smallrye-health, vertx]
10:36:04.806 [main] INFO tc.quay.io/keycloak/keycloak:26.1 -- Container quay.io/keycloak/keycloak:26.1 started in PT50.419828534S
[INFO] Tests run: 3, Failures: 0, Errors: 0, Skipped: 0, Time elapsed: 58.42 s -- in com.lifemiles.passkey.config.KeycloakFixtureRealmIT
[INFO] 
[INFO] Results:
[INFO] 
[INFO] Tests run: 3, Failures: 0, Errors: 0, Skipped: 0
[INFO] 
[INFO] 
[INFO] --- maven-failsafe-plugin:3.5.6:verify (default) @ passkey-service ---
[INFO] ------------------------------------------------------------------------
[INFO] BUILD SUCCESS
[INFO] ------------------------------------------------------------------------
[INFO] Total time:  01:27 min
[INFO] Finished at: 2026-08-26T10:36:08-06:00
[INFO] ------------------------------------------------------------------------
