WARNING: A terminally deprecated method in sun.misc.Unsafe has been called
WARNING: sun.misc.Unsafe::objectFieldOffset has been called by com.google.common.util.concurrent.AbstractFuture$UnsafeAtomicHelper (file:/usr/share/maven/lib/guava.jar)
WARNING: Please consider reporting this to the maintainers of class com.google.common.util.concurrent.AbstractFuture$UnsafeAtomicHelper
WARNING: sun.misc.Unsafe::objectFieldOffset will be removed in a future release
[INFO] Scanning for projects...
[INFO] 
[INFO] -------------------< com.lifemiles:passkey-service >--------------------
[INFO] Building passkey-service 0.1.0-SNAPSHOT
[INFO] --------------------------------[ jar ]---------------------------------
[INFO] 
[INFO] --- maven-clean-plugin:3.5.0:clean (default-clean) @ passkey-service ---
[INFO] Deleting /home/fjmolina/passkey-build/target
[INFO] 
[INFO] --- maven-resources-plugin:3.3.1:resources (default-resources) @ passkey-service ---
[INFO] Copying 1 resource from src/main/resources to target/classes
[INFO] Copying 1 resource from src/main/resources to target/classes
[INFO] 
[INFO] --- maven-compiler-plugin:3.14.1:compile (default-compile) @ passkey-service ---
[INFO] Recompiling the module because of changed source code.
[INFO] Compiling 10 source files with javac [debug parameters release 21] to target/classes
[INFO] 
[INFO] --- maven-resources-plugin:3.3.1:testResources (default-testResources) @ passkey-service ---
[INFO] Copying 2 resources from src/test/resources to target/test-classes
[INFO] 
[INFO] --- maven-compiler-plugin:3.14.1:testCompile (default-testCompile) @ passkey-service ---
[INFO] Recompiling the module because of changed dependency.
[INFO] Compiling 2 source files with javac [debug parameters release 21] to target/test-classes
[INFO] /home/fjmolina/passkey-build/src/test/java/com/lifemiles/passkey/config/KeycloakFixtureRealmIT.java: /home/fjmolina/passkey-build/src/test/java/com/lifemiles/passkey/config/KeycloakFixtureRealmIT.java uses or overrides a deprecated API.
[INFO] /home/fjmolina/passkey-build/src/test/java/com/lifemiles/passkey/config/KeycloakFixtureRealmIT.java: Recompile with -Xlint:deprecation for details.
[INFO] 
[INFO] --- maven-surefire-plugin:3.5.6:test (default-test) @ passkey-service ---
[INFO] Using auto detected provider org.apache.maven.surefire.junitplatform.JUnitPlatformProvider
[INFO] 
[INFO] -------------------------------------------------------
[INFO]  T E S T S
[INFO] -------------------------------------------------------
[INFO] Running com.lifemiles.passkey.PasskeyApplicationAotTests
10:23:39.902 [main] INFO org.springframework.test.context.support.AnnotationConfigContextLoaderUtils -- Could not detect default configuration classes for test class [com.lifemiles.passkey.PasskeyApplicationAotTests]: PasskeyApplicationAotTests does not declare any static, non-private, non-final, nested classes annotated with @Configuration.
10:23:40.089 [main] INFO org.springframework.boot.test.context.SpringBootTestContextBootstrapper -- Found @SpringBootConfiguration com.lifemiles.passkey.PasskeyApplication for test class com.lifemiles.passkey.PasskeyApplicationAotTests
10:23:40.234 [main] INFO org.springframework.test.context.support.AnnotationConfigContextLoaderUtils -- Could not detect default configuration classes for test class [com.lifemiles.passkey.PasskeyApplicationAotTests]: PasskeyApplicationAotTests does not declare any static, non-private, non-final, nested classes annotated with @Configuration.
10:23:40.237 [main] INFO org.springframework.boot.test.context.SpringBootTestContextBootstrapper -- Found @SpringBootConfiguration com.lifemiles.passkey.PasskeyApplication for test class com.lifemiles.passkey.PasskeyApplicationAotTests

  .   ____          _            __ _ _
 /\\ / ___'_ __ _ _(_)_ __  __ _ \ \ \ \
( ( )\___ | '_ | '_| | '_ \/ _` | \ \ \ \
 \\/  ___)| |_)| | | | | || (_| |  ) ) ) )
  '  |____| .__|_| |_|_| |_\__, | / / / /
 =========|_|==============|___/=/_/_/_/

 :: Spring Boot ::                (v4.0.8)

2026-08-26 10:23:40 [main] INFO  c.l.p.PasskeyApplicationAotTests - Starting PasskeyApplicationAotTests using Java 25.0.4 with PID 491875 (started by fjmolina in /home/fjmolina/passkey-build)
2026-08-26 10:23:40 [main] INFO  c.l.p.PasskeyApplicationAotTests - No active profile set, falling back to 1 default profile: "default"
2026-08-26 10:23:45 [main] INFO  c.l.p.PasskeyApplicationAotTests - Started PasskeyApplicationAotTests in 5.29 seconds (process running for 8.282)
Mockito is currently self-attaching to enable the inline-mock-maker. This will no longer work in future releases of the JDK. Please add Mockito as an agent to your build as described in Mockito's documentation: https://javadoc.io/doc/org.mockito/mockito-core/latest/org.mockito/org/mockito/Mockito.html#0.3
WARNING: A Java agent has been loaded dynamically (/home/fjmolina/.m2/repository/net/bytebuddy/byte-buddy-agent/1.17.8/byte-buddy-agent-1.17.8.jar)
WARNING: If a serviceability tool is in use, please run with -XX:+EnableDynamicAgentLoading to hide this warning
WARNING: If a serviceability tool is not in use, please run with -Djdk.instrument.traceUsage for more information
WARNING: Dynamic loading of agents will be disallowed by default in a future release
Java HotSpot(TM) 64-Bit Server VM warning: Sharing is only supported for boot loader classes because bootstrap classpath has been appended
[INFO] Tests run: 1, Failures: 0, Errors: 0, Skipped: 0, Time elapsed: 8.868 s -- in com.lifemiles.passkey.PasskeyApplicationAotTests
[INFO] 
[INFO] Results:
[INFO] 
[INFO] Tests run: 1, Failures: 0, Errors: 0, Skipped: 0
[INFO] 
[INFO] 
[INFO] --- maven-jar-plugin:3.4.2:jar (default-jar) @ passkey-service ---
[INFO] Building jar: /home/fjmolina/passkey-build/target/passkey-service-0.1.0-SNAPSHOT.jar
[INFO] 
[INFO] --- spring-boot-maven-plugin:4.0.8:repackage (repackage) @ passkey-service ---
[INFO] Replacing main artifact /home/fjmolina/passkey-build/target/passkey-service-0.1.0-SNAPSHOT.jar with repackaged archive, adding nested dependencies in BOOT-INF/.
[INFO] The original artifact has been renamed to /home/fjmolina/passkey-build/target/passkey-service-0.1.0-SNAPSHOT.jar.original
[INFO] 
[INFO] --- cyclonedx-maven-plugin:2.9.1:makeAggregateBom (default) @ passkey-service ---
[INFO] CycloneDX: Resolving Dependencies
[INFO] CycloneDX: Creating BOM version 1.6 with 108 component(s)
[INFO] CycloneDX: Writing and validating BOM (JSON): /home/fjmolina/passkey-build/target/classes/META-INF/sbom/application.cdx.json
[WARNING] Unknown keyword meta:enum - you should define your own Meta Schema. If the keyword is irrelevant for validation, just use a NonValidationKeyword or if it should generate annotations AnnotationKeyword
[WARNING] Unknown keyword deprecated - you should define your own Meta Schema. If the keyword is irrelevant for validation, just use a NonValidationKeyword or if it should generate annotations AnnotationKeyword
[INFO]            attaching as passkey-service-0.1.0-SNAPSHOT-cyclonedx.json
[INFO] 
[INFO] --- maven-failsafe-plugin:3.5.6:integration-test (default) @ passkey-service ---
[INFO] Using auto detected provider org.apache.maven.surefire.junitplatform.JUnitPlatformProvider
[INFO] 
[INFO] -------------------------------------------------------
[INFO]  T E S T S
[INFO] -------------------------------------------------------
[INFO] Running com.lifemiles.passkey.config.KeycloakFixtureRealmIT
10:24:17.034 [main] INFO org.testcontainers.images.PullPolicy -- Image pull policy will be performed by: DefaultPullPolicy()
10:24:17.042 [main] INFO org.testcontainers.utility.ImageNameSubstitutor -- Image name substitution will be performed by: DefaultImageNameSubstitutor (composite of 'ConfigurationFileImageNameSubstitutor' and 'PrefixingImageNameSubstitutor')
10:24:17.091 [main] INFO org.testcontainers.DockerClientFactory -- Testcontainers version: 2.0.5
10:24:17.438 [main] INFO org.testcontainers.dockerclient.DockerClientProviderStrategy -- Loaded org.testcontainers.dockerclient.UnixSocketClientProviderStrategy from ~/.testcontainers.properties, will try it first
10:24:18.512 [main] INFO org.testcontainers.dockerclient.DockerClientProviderStrategy -- Found Docker environment with local Unix socket (unix:///var/run/docker.sock)
10:24:18.516 [main] INFO org.testcontainers.DockerClientFactory -- Docker host IP address is localhost
10:24:18.558 [main] INFO org.testcontainers.DockerClientFactory -- Connected to docker: 
  Server Version: 29.4.3
  API Version: 1.54
  Operating System: Ubuntu 24.04.1 LTS
  Total Memory: 15706 MB
10:24:18.759 [main] INFO tc.testcontainers/ryuk:0.14.0 -- Creating container for image: testcontainers/ryuk:0.14.0
10:24:18.769 [main] INFO org.testcontainers.utility.RegistryAuthLocator -- Failure when attempting to lookup auth config. Please ignore if you don't have images in an authenticated registry. Details: (dockerImageName: testcontainers/ryuk:0.14.0, configFile: /home/fjmolina/.docker/config.json, configEnv: DOCKER_AUTH_CONFIG). Falling back to docker-java default behaviour. Exception message: Status 404: No config supplied. Checked in order: /home/fjmolina/.docker/config.json (file not found), DOCKER_AUTH_CONFIG (not set)
10:24:19.146 [main] INFO tc.testcontainers/ryuk:0.14.0 -- Container testcontainers/ryuk:0.14.0 is starting: d8cd8334371f98f7497651e4180f70da805a71a30af848bead2c327abe66562c
10:24:20.184 [main] INFO tc.testcontainers/ryuk:0.14.0 -- Container testcontainers/ryuk:0.14.0 started in PT1.424262719S
10:24:20.205 [main] INFO org.testcontainers.utility.RyukResourceReaper -- Ryuk started - will monitor and terminate Testcontainers containers on JVM exit
10:24:20.205 [main] INFO org.testcontainers.DockerClientFactory -- Checking the system...
10:24:20.206 [main] INFO org.testcontainers.DockerClientFactory -- ✔︎ Docker server version should be at least 1.6.0
10:24:20.222 [main] INFO tc.quay.io/keycloak/keycloak:26.1 -- Pulling docker image: quay.io/keycloak/keycloak:26.1. Please be patient; this may take some time but only needs to be done once.
10:24:20.226 [main] INFO org.testcontainers.utility.RegistryAuthLocator -- Failure when attempting to lookup auth config. Please ignore if you don't have images in an authenticated registry. Details: (dockerImageName: quay.io/keycloak/keycloak:latest, configFile: /home/fjmolina/.docker/config.json, configEnv: DOCKER_AUTH_CONFIG). Falling back to docker-java default behaviour. Exception message: Status 404: No config supplied. Checked in order: /home/fjmolina/.docker/config.json (file not found), DOCKER_AUTH_CONFIG (not set)
10:24:21.059 [docker-java-stream--386116930] INFO tc.quay.io/keycloak/keycloak:26.1 -- Starting to pull image
10:24:21.105 [docker-java-stream--386116930] INFO tc.quay.io/keycloak/keycloak:26.1 -- Pulling image layers:  0 pending,  0 downloaded,  0 extracted, (0 bytes/0 bytes)
10:24:21.719 [main] INFO tc.quay.io/keycloak/keycloak:26.1 -- Image quay.io/keycloak/keycloak:26.1 pull took PT1.496180456S
10:24:21.783 [main] INFO tc.quay.io/keycloak/keycloak:26.1 -- Creating container for image: quay.io/keycloak/keycloak:26.1
10:24:21.992 [main] INFO tc.quay.io/keycloak/keycloak:26.1 -- Container quay.io/keycloak/keycloak:26.1 is starting: 0eab9fbf10ccd20b36ae6a90043b4a75114b8f66614eeab92c29f14f67ee1dff
10:24:22.426 [docker-java-stream-1184318549] INFO tc.quay.io/keycloak/keycloak:26.1 -- STDOUT: JAVA_OPTS_KC_HEAP already set in environment; overriding default settings
10:24:22.493 [main] INFO org.testcontainers.containers.wait.strategy.HttpWaitStrategy -- /zen_robinson: Waiting for 120 seconds for URL: http://localhost:32783/health/ready (where port 32783 maps to container port 9000)
10:24:24.397 [docker-java-stream-1184318549] INFO tc.quay.io/keycloak/keycloak:26.1 -- STDOUT: Updating the configuration and installing your custom providers, if any. Please wait.
10:24:29.772 [docker-java-stream-1184318549] INFO tc.quay.io/keycloak/keycloak:26.1 -- STDOUT: 2026-08-26 16:24:27,756 WARN  [io.qua.config] (build-22) Unrecognized configuration key "quarkus.micrometer.enabled" was provided; it will be ignored; verify that the dependency extension for this configuration is set or that you did not make a typo
10:24:29.811 [docker-java-stream-1184318549] INFO tc.quay.io/keycloak/keycloak:26.1 -- STDOUT: 2026-08-26 16:24:29,810 INFO  [io.qua.hib.orm.dep.HibernateOrmProcessor] (build-27) Persistence unit 'keycloak-default': Enforcing Quarkus defaults for dialect 'org.hibernate.dialect.H2Dialect' by automatically setting 'jakarta.persistence.database-product-version=2.3.230'.
10:24:29.815 [docker-java-stream-1184318549] INFO tc.quay.io/keycloak/keycloak:26.1 -- STDOUT: 2026-08-26 16:24:29,814 INFO  [io.qua.hib.orm.dep.HibernateOrmProcessor] (build-27) A legacy persistence.xml file is present in the classpath. This file will be used to configure JPA/Hibernate ORM persistence units, and any configuration of the Hibernate ORM extension will be ignored. To ignore persistence.xml files instead, set the configuration property 'quarkus.hibernate-orm.persistence-xml.ignore' to 'true'.
10:24:41.563 [docker-java-stream-1184318549] INFO tc.quay.io/keycloak/keycloak:26.1 -- STDOUT: 2026-08-26 16:24:41,561 INFO  [io.qua.dep.QuarkusAugmentor] (main) Quarkus augmentation completed in 15857ms
10:24:42.919 [docker-java-stream-1184318549] INFO tc.quay.io/keycloak/keycloak:26.1 -- STDOUT: Running the server in development mode. DO NOT use this configuration in production.
10:24:47.516 [docker-java-stream-1184318549] INFO tc.quay.io/keycloak/keycloak:26.1 -- STDOUT: 2026-08-26 16:24:47,514 INFO  [org.keycloak.quarkus.runtime.storage.infinispan.CacheManagerFactory] (ForkJoinPool.commonPool-worker-1) Starting Infinispan embedded cache manager
10:24:48.054 [docker-java-stream-1184318549] INFO tc.quay.io/keycloak/keycloak:26.1 -- STDOUT: 2026-08-26 16:24:48,053 INFO  [org.infinispan.CONTAINER] (ForkJoinPool.commonPool-worker-1) Virtual threads support enabled
10:24:48.704 [docker-java-stream-1184318549] INFO tc.quay.io/keycloak/keycloak:26.1 -- STDOUT: 2026-08-26 16:24:48,703 INFO  [org.infinispan.CONTAINER] (ForkJoinPool.commonPool-worker-1) ISPN000556: Starting user marshaller 'org.infinispan.commons.marshall.ImmutableProtoStreamMarshaller'
10:24:51.834 [docker-java-stream-1184318549] INFO tc.quay.io/keycloak/keycloak:26.1 -- STDOUT: 2026-08-26 16:24:51,832 INFO  [org.keycloak.quarkus.runtime.storage.database.liquibase.QuarkusJpaUpdaterProvider] (main) Initializing database schema. Using changelog META-INF/jpa-changelog-master.xml
10:24:57.243 [docker-java-stream-1184318549] INFO tc.quay.io/keycloak/keycloak:26.1 -- STDOUT: 2026-08-26 16:24:57,241 INFO  [org.keycloak.connections.infinispan.DefaultInfinispanConnectionProviderFactory] (main) Node name: node_119013, Site name: null
10:24:57.565 [docker-java-stream-1184318549] INFO tc.quay.io/keycloak/keycloak:26.1 -- STDOUT: 2026-08-26 16:24:57,563 INFO  [org.keycloak.broker.provider.AbstractIdentityProviderMapper] (main) Registering class org.keycloak.broker.provider.mappersync.ConfigSyncEventListener
10:24:57.648 [docker-java-stream-1184318549] INFO tc.quay.io/keycloak/keycloak:26.1 -- STDOUT: 2026-08-26 16:24:57,647 INFO  [org.keycloak.exportimport.dir.DirImportProvider] (main) Importing from directory /opt/keycloak/bin/../data/import
10:24:57.654 [docker-java-stream-1184318549] INFO tc.quay.io/keycloak/keycloak:26.1 -- STDOUT: 2026-08-26 16:24:57,653 INFO  [org.keycloak.services] (main) KC-SERVICES0050: Initializing master realm
10:25:01.519 [docker-java-stream-1184318549] INFO tc.quay.io/keycloak/keycloak:26.1 -- STDOUT: 2026-08-26 16:25:01,517 INFO  [org.keycloak.services] (main) KC-SERVICES0030: Full model import requested. Strategy: IGNORE_EXISTING
10:25:04.464 [docker-java-stream-1184318549] INFO tc.quay.io/keycloak/keycloak:26.1 -- STDOUT: 2026-08-26 16:25:04,462 INFO  [org.keycloak.exportimport.util.ImportUtils] (main) Realm 'lifemiles-test' imported
10:25:04.648 [docker-java-stream-1184318549] INFO tc.quay.io/keycloak/keycloak:26.1 -- STDOUT: 2026-08-26 16:25:04,645 INFO  [com.arjuna.ats.jbossatx] (main) ARJUNA032014: Stopping transaction recovery manager
10:25:04.793 [docker-java-stream-1184318549] INFO tc.quay.io/keycloak/keycloak:26.1 -- STDOUT: 2026-08-26 16:25:04,792 ERROR [org.keycloak.quarkus.runtime.cli.ExecutionExceptionHandler] (main) ERROR: Failed to start server in (development) mode
10:25:04.794 [docker-java-stream-1184318549] INFO tc.quay.io/keycloak/keycloak:26.1 -- STDOUT: 2026-08-26 16:25:04,792 ERROR [org.keycloak.quarkus.runtime.cli.ExecutionExceptionHandler] (main) ERROR: Session not bound to a realm
10:25:04.794 [docker-java-stream-1184318549] INFO tc.quay.io/keycloak/keycloak:26.1 -- STDOUT: 2026-08-26 16:25:04,792 ERROR [org.keycloak.quarkus.runtime.cli.ExecutionExceptionHandler] (main) For more details run the same command passing the '--verbose' option. Also you can use '--help' to see the details about the usage of the particular command.
10:26:22.515 [main] ERROR tc.quay.io/keycloak/keycloak:26.1 -- Could not start container
java.lang.IllegalStateException: Wait strategy failed. Container exited with code 1
	at org.testcontainers.containers.GenericContainer.tryStart(GenericContainer.java:520)
	at org.testcontainers.containers.GenericContainer.lambda$doStart$0(GenericContainer.java:341)
	at org.rnorth.ducttape.unreliables.Unreliables.retryUntilSuccess(Unreliables.java:81)
	at org.testcontainers.containers.GenericContainer.doStart(GenericContainer.java:331)
	at org.testcontainers.containers.GenericContainer.start(GenericContainer.java:317)
	at com.lifemiles.passkey.config.KeycloakFixtureRealmIT.startContainer(KeycloakFixtureRealmIT.java:65)
	at java.base/jdk.internal.reflect.DirectMethodHandleAccessor.invoke(DirectMethodHandleAccessor.java:104)
	at java.base/java.lang.reflect.Method.invoke(Method.java:565)
	at org.junit.platform.commons.util.ReflectionUtils.invokeMethod(ReflectionUtils.java:701)
	at org.junit.platform.commons.support.ReflectionSupport.invokeMethod(ReflectionSupport.java:502)
	at org.junit.jupiter.engine.support.MethodReflectionUtils.invoke(MethodReflectionUtils.java:45)
	at org.junit.jupiter.engine.execution.MethodInvocation.proceed(MethodInvocation.java:61)
	at org.junit.jupiter.engine.execution.InvocationInterceptorChain$ValidatingInvocation.proceed(InvocationInterceptorChain.java:124)
	at org.junit.jupiter.engine.extension.TimeoutExtension.intercept(TimeoutExtension.java:163)
	at org.junit.jupiter.engine.extension.TimeoutExtension.interceptLifecycleMethod(TimeoutExtension.java:128)
	at org.junit.jupiter.engine.extension.TimeoutExtension.interceptBeforeAllMethod(TimeoutExtension.java:70)
	at org.junit.jupiter.engine.execution.InterceptingExecutableInvoker$ReflectiveInterceptorCall.lambda$ofVoidMethod$0(InterceptingExecutableInvoker.java:123)
	at org.junit.jupiter.engine.execution.InterceptingExecutableInvoker.lambda$invoke$0(InterceptingExecutableInvoker.java:105)
	at org.junit.jupiter.engine.execution.InvocationInterceptorChain$InterceptedInvocation.proceed(InvocationInterceptorChain.java:99)
	at org.junit.jupiter.engine.execution.InvocationInterceptorChain.proceed(InvocationInterceptorChain.java:66)
	at org.junit.jupiter.engine.execution.InvocationInterceptorChain.chainAndInvoke(InvocationInterceptorChain.java:47)
	at org.junit.jupiter.engine.execution.InvocationInterceptorChain.invoke(InvocationInterceptorChain.java:39)
	at org.junit.jupiter.engine.execution.InterceptingExecutableInvoker.invoke(InterceptingExecutableInvoker.java:104)
	at org.junit.jupiter.engine.execution.InterceptingExecutableInvoker.invoke(InterceptingExecutableInvoker.java:98)
	at org.junit.jupiter.engine.execution.InterceptingExecutableInvoker.invokeVoid(InterceptingExecutableInvoker.java:71)
	at org.junit.jupiter.engine.descriptor.ClassBasedTestDescriptor.lambda$invokeBeforeAllMethods$0(ClassBasedTestDescriptor.java:448)
	at org.junit.platform.engine.support.hierarchical.ThrowableCollector.execute(ThrowableCollector.java:74)
	at org.junit.jupiter.engine.descriptor.ClassBasedTestDescriptor.invokeBeforeAllMethods(ClassBasedTestDescriptor.java:446)
	at org.junit.jupiter.engine.descriptor.ClassBasedTestDescriptor.before(ClassBasedTestDescriptor.java:251)
	at org.junit.jupiter.engine.descriptor.ClassBasedTestDescriptor.before(ClassBasedTestDescriptor.java:88)
	at org.junit.platform.engine.support.hierarchical.NodeTestTask.lambda$executeRecursively$2(NodeTestTask.java:173)
	at org.junit.platform.engine.support.hierarchical.ThrowableCollector.execute(ThrowableCollector.java:74)
	at org.junit.platform.engine.support.hierarchical.NodeTestTask.lambda$executeRecursively$1(NodeTestTask.java:166)
	at org.junit.platform.engine.support.hierarchical.Node.around(Node.java:138)
	at org.junit.platform.engine.support.hierarchical.NodeTestTask.lambda$executeRecursively$0(NodeTestTask.java:164)
	at org.junit.platform.engine.support.hierarchical.ThrowableCollector.execute(ThrowableCollector.java:74)
	at org.junit.platform.engine.support.hierarchical.NodeTestTask.executeRecursively(NodeTestTask.java:163)
	at org.junit.platform.engine.support.hierarchical.NodeTestTask.execute(NodeTestTask.java:116)
	at java.base/java.util.ArrayList.forEach(ArrayList.java:1604)
	at org.junit.platform.engine.support.hierarchical.SameThreadHierarchicalTestExecutorService.invokeAll(SameThreadHierarchicalTestExecutorService.java:42)
	at org.junit.platform.engine.support.hierarchical.NodeTestTask.lambda$executeRecursively$2(NodeTestTask.java:180)
	at org.junit.platform.engine.support.hierarchical.ThrowableCollector.execute(ThrowableCollector.java:74)
	at org.junit.platform.engine.support.hierarchical.NodeTestTask.lambda$executeRecursively$1(NodeTestTask.java:166)
	at org.junit.platform.engine.support.hierarchical.Node.around(Node.java:138)
	at org.junit.platform.engine.support.hierarchical.NodeTestTask.lambda$executeRecursively$0(NodeTestTask.java:164)
	at org.junit.platform.engine.support.hierarchical.ThrowableCollector.execute(ThrowableCollector.java:74)
	at org.junit.platform.engine.support.hierarchical.NodeTestTask.executeRecursively(NodeTestTask.java:163)
	at org.junit.platform.engine.support.hierarchical.NodeTestTask.execute(NodeTestTask.java:116)
	at org.junit.platform.engine.support.hierarchical.SameThreadHierarchicalTestExecutorService.submit(SameThreadHierarchicalTestExecutorService.java:36)
	at org.junit.platform.engine.support.hierarchical.HierarchicalTestExecutor.execute(HierarchicalTestExecutor.java:52)
	at org.junit.platform.engine.support.hierarchical.HierarchicalTestEngine.execute(HierarchicalTestEngine.java:58)
	at org.junit.platform.launcher.core.EngineExecutionOrchestrator.executeEngine(EngineExecutionOrchestrator.java:246)
	at org.junit.platform.launcher.core.EngineExecutionOrchestrator.failOrExecuteEngine(EngineExecutionOrchestrator.java:218)
	at org.junit.platform.launcher.core.EngineExecutionOrchestrator.execute(EngineExecutionOrchestrator.java:179)
	at org.junit.platform.launcher.core.EngineExecutionOrchestrator.execute(EngineExecutionOrchestrator.java:108)
	at org.junit.platform.launcher.core.EngineExecutionOrchestrator.lambda$execute$0(EngineExecutionOrchestrator.java:66)
	at org.junit.platform.launcher.core.EngineExecutionOrchestrator.withInterceptedStreams(EngineExecutionOrchestrator.java:157)
	at org.junit.platform.launcher.core.EngineExecutionOrchestrator.execute(EngineExecutionOrchestrator.java:65)
	at org.junit.platform.launcher.core.DefaultLauncher.execute(DefaultLauncher.java:125)
	at org.junit.platform.launcher.core.DefaultLauncher.execute(DefaultLauncher.java:114)
	at org.junit.platform.launcher.core.DelegatingLauncher.execute(DelegatingLauncher.java:58)
	at org.junit.platform.launcher.core.InterceptingLauncher.lambda$execute$2(InterceptingLauncher.java:57)
	at org.junit.platform.launcher.core.ClasspathAlignmentCheckingLauncherInterceptor.intercept(ClasspathAlignmentCheckingLauncherInterceptor.java:25)
	at org.junit.platform.launcher.core.InterceptingLauncher.execute(InterceptingLauncher.java:56)
	at org.junit.platform.launcher.core.DelegatingLauncher.execute(DelegatingLauncher.java:58)
	at java.base/jdk.internal.reflect.DirectMethodHandleAccessor.invoke(DirectMethodHandleAccessor.java:104)
	at java.base/java.lang.reflect.Method.invoke(Method.java:565)
	at org.apache.maven.surefire.api.util.ReflectionUtils.invokeMethodWithArray(ReflectionUtils.java:125)
	at org.apache.maven.surefire.junitplatform.LauncherAdapter.executeWithCancellationToken(LauncherAdapter.java:68)
	at org.apache.maven.surefire.junitplatform.LauncherAdapter.execute(LauncherAdapter.java:54)
	at org.apache.maven.surefire.junitplatform.JUnitPlatformProvider.execute(JUnitPlatformProvider.java:203)
	at org.apache.maven.surefire.junitplatform.JUnitPlatformProvider.invokeAllTests(JUnitPlatformProvider.java:168)
	at org.apache.maven.surefire.junitplatform.JUnitPlatformProvider.invoke(JUnitPlatformProvider.java:136)
	at org.apache.maven.surefire.booter.ForkedBooter.runSuitesInProcess(ForkedBooter.java:385)
	at org.apache.maven.surefire.booter.ForkedBooter.execute(ForkedBooter.java:162)
	at org.apache.maven.surefire.booter.ForkedBooter.run(ForkedBooter.java:507)
	at org.apache.maven.surefire.booter.ForkedBooter.main(ForkedBooter.java:495)
Caused by: org.testcontainers.containers.ContainerLaunchException: Timed out waiting for URL to be accessible (http://localhost:32783/health/ready should return HTTP 200)
	at org.testcontainers.containers.wait.strategy.HttpWaitStrategy.waitUntilReady(HttpWaitStrategy.java:320)
	at org.testcontainers.containers.wait.strategy.AbstractWaitStrategy.waitUntilReady(AbstractWaitStrategy.java:52)
	at org.testcontainers.containers.GenericContainer.waitUntilContainerStarted(GenericContainer.java:904)
	at org.testcontainers.containers.GenericContainer.tryStart(GenericContainer.java:487)
	... 76 common frames omitted
Caused by: org.rnorth.ducttape.TimeoutException: Timeout waiting for result with exception
	at org.rnorth.ducttape.unreliables.Unreliables.retryUntilSuccess(Unreliables.java:54)
	at org.testcontainers.containers.wait.strategy.HttpWaitStrategy.waitUntilReady(HttpWaitStrategy.java:252)
	... 79 common frames omitted
Caused by: java.lang.RuntimeException: java.net.ConnectException: Connection refused
	at org.testcontainers.containers.wait.strategy.HttpWaitStrategy.lambda$waitUntilReady$6(HttpWaitStrategy.java:312)
	at org.rnorth.ducttape.ratelimits.RateLimiter.doWhenReady(RateLimiter.java:27)
	at org.testcontainers.containers.wait.strategy.HttpWaitStrategy.lambda$waitUntilReady$7(HttpWaitStrategy.java:257)
	at org.rnorth.ducttape.unreliables.Unreliables.lambda$retryUntilSuccess$0(Unreliables.java:43)
	at java.base/java.util.concurrent.FutureTask.run(FutureTask.java:328)
	at java.base/java.util.concurrent.ThreadPoolExecutor.runWorker(ThreadPoolExecutor.java:1090)
	at java.base/java.util.concurrent.ThreadPoolExecutor$Worker.run(ThreadPoolExecutor.java:614)
	at java.base/java.lang.Thread.run(Thread.java:1474)
Caused by: java.net.ConnectException: Connection refused
	at java.base/sun.nio.ch.Net.connect0(Native Method)
	at java.base/sun.nio.ch.Net.connect(Net.java:546)
	at java.base/sun.nio.ch.Net.connect(Net.java:535)
	at java.base/sun.nio.ch.NioSocketImpl.connect(NioSocketImpl.java:585)
	at java.base/java.net.Socket.connect(Socket.java:659)
	at java.base/java.net.Socket.connect(Socket.java:597)
	at java.base/sun.net.NetworkClient.doConnect(NetworkClient.java:166)
	at java.base/sun.net.www.http.HttpClient.openServer(HttpClient.java:516)
	at java.base/sun.net.www.http.HttpClient.openServer(HttpClient.java:604)
	at java.base/sun.net.www.http.HttpClient.<init>(HttpClient.java:276)
	at java.base/sun.net.www.http.HttpClient.New(HttpClient.java:380)
	at java.base/sun.net.www.http.HttpClient.New(HttpClient.java:393)
	at java.base/sun.net.www.protocol.http.HttpURLConnection.getNewHttpClient(HttpURLConnection.java:1030)
	at java.base/sun.net.www.protocol.http.HttpURLConnection.plainConnect0(HttpURLConnection.java:963)
	at java.base/sun.net.www.protocol.http.HttpURLConnection.plainConnect(HttpURLConnection.java:899)
	at java.base/sun.net.www.protocol.http.HttpURLConnection.connect(HttpURLConnection.java:872)
	at org.testcontainers.containers.wait.strategy.HttpWaitStrategy.lambda$waitUntilReady$6(HttpWaitStrategy.java:274)
	... 7 common frames omitted
10:26:22.560 [main] ERROR tc.quay.io/keycloak/keycloak:26.1 -- Log output from the failed container:
JAVA_OPTS_KC_HEAP already set in environment; overriding default settings
Updating the configuration and installing your custom providers, if any. Please wait.
2026-08-26 16:24:27,756 WARN  [io.qua.config] (build-22) Unrecognized configuration key "quarkus.micrometer.enabled" was provided; it will be ignored; verify that the dependency extension for this configuration is set or that you did not make a typo
2026-08-26 16:24:29,810 INFO  [io.qua.hib.orm.dep.HibernateOrmProcessor] (build-27) Persistence unit 'keycloak-default': Enforcing Quarkus defaults for dialect 'org.hibernate.dialect.H2Dialect' by automatically setting 'jakarta.persistence.database-product-version=2.3.230'.
2026-08-26 16:24:29,814 INFO  [io.qua.hib.orm.dep.HibernateOrmProcessor] (build-27) A legacy persistence.xml file is present in the classpath. This file will be used to configure JPA/Hibernate ORM persistence units, and any configuration of the Hibernate ORM extension will be ignored. To ignore persistence.xml files instead, set the configuration property 'quarkus.hibernate-orm.persistence-xml.ignore' to 'true'.
2026-08-26 16:24:41,561 INFO  [io.qua.dep.QuarkusAugmentor] (main) Quarkus augmentation completed in 15857ms
Running the server in development mode. DO NOT use this configuration in production.
2026-08-26 16:24:47,514 INFO  [org.keycloak.quarkus.runtime.storage.infinispan.CacheManagerFactory] (ForkJoinPool.commonPool-worker-1) Starting Infinispan embedded cache manager
2026-08-26 16:24:48,053 INFO  [org.infinispan.CONTAINER] (ForkJoinPool.commonPool-worker-1) Virtual threads support enabled
2026-08-26 16:24:48,703 INFO  [org.infinispan.CONTAINER] (ForkJoinPool.commonPool-worker-1) ISPN000556: Starting user marshaller 'org.infinispan.commons.marshall.ImmutableProtoStreamMarshaller'
2026-08-26 16:24:51,832 INFO  [org.keycloak.quarkus.runtime.storage.database.liquibase.QuarkusJpaUpdaterProvider] (main) Initializing database schema. Using changelog META-INF/jpa-changelog-master.xml
2026-08-26 16:24:57,241 INFO  [org.keycloak.connections.infinispan.DefaultInfinispanConnectionProviderFactory] (main) Node name: node_119013, Site name: null
2026-08-26 16:24:57,563 INFO  [org.keycloak.broker.provider.AbstractIdentityProviderMapper] (main) Registering class org.keycloak.broker.provider.mappersync.ConfigSyncEventListener
2026-08-26 16:24:57,647 INFO  [org.keycloak.exportimport.dir.DirImportProvider] (main) Importing from directory /opt/keycloak/bin/../data/import
2026-08-26 16:24:57,653 INFO  [org.keycloak.services] (main) KC-SERVICES0050: Initializing master realm
2026-08-26 16:25:01,517 INFO  [org.keycloak.services] (main) KC-SERVICES0030: Full model import requested. Strategy: IGNORE_EXISTING
2026-08-26 16:25:04,462 INFO  [org.keycloak.exportimport.util.ImportUtils] (main) Realm 'lifemiles-test' imported
2026-08-26 16:25:04,645 INFO  [com.arjuna.ats.jbossatx] (main) ARJUNA032014: Stopping transaction recovery manager
2026-08-26 16:25:04,792 ERROR [org.keycloak.quarkus.runtime.cli.ExecutionExceptionHandler] (main) ERROR: Failed to start server in (development) mode
2026-08-26 16:25:04,792 ERROR [org.keycloak.quarkus.runtime.cli.ExecutionExceptionHandler] (main) ERROR: Session not bound to a realm
2026-08-26 16:25:04,792 ERROR [org.keycloak.quarkus.runtime.cli.ExecutionExceptionHandler] (main) For more details run the same command passing the '--verbose' option. Also you can use '--help' to see the details about the usage of the particular command.

[ERROR] Tests run: 1, Failures: 0, Errors: 1, Skipped: 0, Time elapsed: 125.9 s <<< FAILURE! -- in com.lifemiles.passkey.config.KeycloakFixtureRealmIT
[ERROR] com.lifemiles.passkey.config.KeycloakFixtureRealmIT -- Time elapsed: 125.9 s <<< ERROR!
org.testcontainers.containers.ContainerLaunchException: Container startup failed for image quay.io/keycloak/keycloak:26.1
	at org.testcontainers.containers.GenericContainer.doStart(GenericContainer.java:346)
	at org.testcontainers.containers.GenericContainer.start(GenericContainer.java:317)
	at com.lifemiles.passkey.config.KeycloakFixtureRealmIT.startContainer(KeycloakFixtureRealmIT.java:65)
Caused by: org.rnorth.ducttape.RetryCountExceededException: Retry limit hit with exception
	at org.rnorth.ducttape.unreliables.Unreliables.retryUntilSuccess(Unreliables.java:88)
	at org.testcontainers.containers.GenericContainer.doStart(GenericContainer.java:331)
	... 2 more
Caused by: org.testcontainers.containers.ContainerLaunchException: Could not create/start container
	at org.testcontainers.containers.GenericContainer.tryStart(GenericContainer.java:551)
	at org.testcontainers.containers.GenericContainer.lambda$doStart$0(GenericContainer.java:341)
	at org.rnorth.ducttape.unreliables.Unreliables.retryUntilSuccess(Unreliables.java:81)
	... 3 more
Caused by: java.lang.IllegalStateException: Wait strategy failed. Container exited with code 1
	at org.testcontainers.containers.GenericContainer.tryStart(GenericContainer.java:520)
	... 5 more
Caused by: org.testcontainers.containers.ContainerLaunchException: Timed out waiting for URL to be accessible (http://localhost:32783/health/ready should return HTTP 200)
	at org.testcontainers.containers.wait.strategy.HttpWaitStrategy.waitUntilReady(HttpWaitStrategy.java:320)
	at org.testcontainers.containers.wait.strategy.AbstractWaitStrategy.waitUntilReady(AbstractWaitStrategy.java:52)
	at org.testcontainers.containers.GenericContainer.waitUntilContainerStarted(GenericContainer.java:904)
	at org.testcontainers.containers.GenericContainer.tryStart(GenericContainer.java:487)
	... 5 more
Caused by: org.rnorth.ducttape.TimeoutException: Timeout waiting for result with exception
	at org.rnorth.ducttape.unreliables.Unreliables.retryUntilSuccess(Unreliables.java:54)
	at org.testcontainers.containers.wait.strategy.HttpWaitStrategy.waitUntilReady(HttpWaitStrategy.java:252)
	... 8 more
Caused by: java.lang.RuntimeException: java.net.ConnectException: Connection refused
	at org.testcontainers.containers.wait.strategy.HttpWaitStrategy.lambda$waitUntilReady$6(HttpWaitStrategy.java:312)
	at org.rnorth.ducttape.ratelimits.RateLimiter.doWhenReady(RateLimiter.java:27)
	at org.testcontainers.containers.wait.strategy.HttpWaitStrategy.lambda$waitUntilReady$7(HttpWaitStrategy.java:257)
	at org.rnorth.ducttape.unreliables.Unreliables.lambda$retryUntilSuccess$0(Unreliables.java:43)
	at java.base/java.util.concurrent.FutureTask.run(FutureTask.java:328)
	at java.base/java.util.concurrent.ThreadPoolExecutor.runWorker(ThreadPoolExecutor.java:1090)
	at java.base/java.util.concurrent.ThreadPoolExecutor$Worker.run(ThreadPoolExecutor.java:614)
	at java.base/java.lang.Thread.run(Thread.java:1474)
Caused by: java.net.ConnectException: Connection refused
	at java.base/sun.nio.ch.Net.connect0(Native Method)
	at java.base/sun.nio.ch.Net.connect(Net.java:546)
	at java.base/sun.nio.ch.Net.connect(Net.java:535)
	at java.base/sun.nio.ch.NioSocketImpl.connect(NioSocketImpl.java:585)
	at java.base/java.net.Socket.connect(Socket.java:659)
	at java.base/java.net.Socket.connect(Socket.java:597)
	at java.base/sun.net.NetworkClient.doConnect(NetworkClient.java:166)
	at java.base/sun.net.www.http.HttpClient.openServer(HttpClient.java:516)
	at java.base/sun.net.www.http.HttpClient.openServer(HttpClient.java:604)
	at java.base/sun.net.www.http.HttpClient.<init>(HttpClient.java:276)
	at java.base/sun.net.www.http.HttpClient.New(HttpClient.java:380)
	at java.base/sun.net.www.http.HttpClient.New(HttpClient.java:393)
	at java.base/sun.net.www.protocol.http.HttpURLConnection.getNewHttpClient(HttpURLConnection.java:1030)
	at java.base/sun.net.www.protocol.http.HttpURLConnection.plainConnect0(HttpURLConnection.java:963)
	at java.base/sun.net.www.protocol.http.HttpURLConnection.plainConnect(HttpURLConnection.java:899)
	at java.base/sun.net.www.protocol.http.HttpURLConnection.connect(HttpURLConnection.java:872)
	at org.testcontainers.containers.wait.strategy.HttpWaitStrategy.lambda$waitUntilReady$6(HttpWaitStrategy.java:274)
	... 7 more

[INFO] 
[INFO] Results:
[INFO] 
[ERROR] Errors: 
[ERROR]   KeycloakFixtureRealmIT.startContainer:65 » ContainerLaunch Container startup failed for image quay.io/keycloak/keycloak:26.1
[INFO] 
[ERROR] Tests run: 1, Failures: 0, Errors: 1, Skipped: 0
[INFO] 
[INFO] 
[INFO] --- maven-failsafe-plugin:3.5.6:verify (default) @ passkey-service ---
[INFO] ------------------------------------------------------------------------
[INFO] BUILD FAILURE
[INFO] ------------------------------------------------------------------------
[INFO] Total time:  02:56 min
[INFO] Finished at: 2026-08-26T10:26:22-06:00
[INFO] ------------------------------------------------------------------------
[ERROR] Failed to execute goal org.apache.maven.plugins:maven-failsafe-plugin:3.5.6:verify (default) on project passkey-service: 
[ERROR] 
[ERROR] See /home/fjmolina/passkey-build/target/failsafe-reports for the individual test results.
[ERROR] See dump files (if any exist) [date].dump, [date]-jvmRun[N].dump and [date].dumpstream.
[ERROR] -> [Help 1]
[ERROR] 
[ERROR] To see the full stack trace of the errors, re-run Maven with the -e switch.
[ERROR] Re-run Maven using the -X switch to enable full debug logging.
[ERROR] 
[ERROR] For more information about the errors and possible solutions, please read the following articles:
[ERROR] [Help 1] http://cwiki.apache.org/confluence/display/MAVEN/MojoFailureException
