=== 1. install nvm v0.40.1 ===
=> Downloading nvm from git to '/home/fjmolina/.nvm'
=> Cloning into '/home/fjmolina/.nvm'...
* (HEAD detached at FETCH_HEAD)
  master
=> Compressing and cleaning up git repository

=> Appending nvm source string to /home/fjmolina/.bashrc
=> Appending bash_completion source string to /home/fjmolina/.bashrc
npm error code ENOENT
npm error syscall lstat
npm error path C:\Users\fjmolina\AppData\Roaming\npm
npm error errno -4058
npm error enoent ENOENT: no such file or directory, lstat 'C:\Users\fjmolina\AppData\Roaming\npm'
npm error enoent This is related to npm not being able to find a file.
npm error enoent
npm error A complete log of this run can be found in: C:\Users\fjmolina\AppData\Local\npm-cache\_logs\2026-08-26T18_46_13_492Z-debug-0.log
=> Close and reopen your terminal to start using nvm or run the following to use it now:

export NVM_DIR="$HOME/.nvm"
[ -s "$NVM_DIR/nvm.sh" ] && \. "$NVM_DIR/nvm.sh"  # This loads nvm
[ -s "$NVM_DIR/bash_completion" ] && \. "$NVM_DIR/bash_completion"  # This loads nvm bash_completion
nvm version: 0.40.1

=== 2. install node 20.15.0 ===
Downloading and installing node v20.15.0...
Downloading https://nodejs.org/dist/v20.15.0/node-v20.15.0-linux-x64.tar.xz...
#=O#- #                                                                                                     ##O=#   #                                                                                                   #=#=-#    #                                                                                                                                                                                                         0.3%                                                                                                        0.6%#                                                                                                       1.1%##                                                                                                      2.4%####                                                                                                    4.9%#########                                                                                               9.8%#################                                                                                      17.8%###############################                                                                        31.4%###########################################                                                            43.2%#######################################################                                                54.9%###################################################################                                    67.1%##################################################################################                     81.3%##############################################################################################         93.1%##################################################################################################### 100.0%
Computing checksum with sha256sum
Checksums matched!
Now using node v20.15.0 (npm v10.7.0)
Creating default alias: [0;32mdefault[0m [0;90m->[0m [0;32m20.15.0[0m ([0;90m->[0m [0;32mv20.15.0[0m)
[0;32mdefault[0m [0;90m->[0m [0;32m20.15.0[0m ([0;90m->[0m [0;32mv20.15.0[0m)
Now using node v20.15.0 (npm v10.7.0)

=== 3. install yarn 1.22.22 (classic) ===

added 1 package in 2s
npm notice
npm notice New major version of npm available! 10.7.0 -> 12.0.2
npm notice Changelog: https://github.com/npm/cli/releases/tag/v12.0.2
npm notice To update run: npm install -g npm@12.0.2
npm notice

=== 4. verify ===
NODE=v20.15.0
NPM=10.7.0
YARN=1.22.22
NODE_PATH=/home/fjmolina/.nvm/versions/node/v20.15.0/bin/node
YARN_PATH=/home/fjmolina/.nvm/versions/node/v20.15.0/bin/yarn
SETUP_DONE
